<html>
<body>
<pre>
<h1>礦ision Build Log</h1>
<h2>Tool Versions:</h2>
IDE-Version: μVision V5.18.0.0
Copyright (C) 2016 ARM Ltd and ARM Germany GmbH. All rights reserved.
License Information: XUFENG GUO, BUPT, LIC=TIVRA-1618N-TGD7T-RB8MD-QM63Y-GP9VT
 
Tool Versions:
Toolchain:       MDK-ARM Standard  Version: 5.18
Toolchain Path:  C:\Keil_v5\ARM\ARMCC\Bin
C Compiler:      Armcc.exe V5.06 update 1 (build 61)
Assembler:       Armasm.exe V5.06 update 1 (build 61)
Linker/Locator:  ArmLink.exe V5.06 update 1 (build 61)
Library Manager: ArmAr.exe V5.06 update 1 (build 61)
Hex Converter:   FromElf.exe V5.06 update 1 (build 61)
CPU DLL:         SARMCM3.DLL V5.18
Dialog DLL:      DCM.DLL V1.13.6.0
Target DLL:      Segger\JL2CM3.dll V2.99.18.0
Dialog DLL:      TCM.DLL V1.14.8.0
 
<h2>Project:</h2>
F:\电设\飞控源码\drone\drone_MK1\drone_MK1.uvprojx
Project File Date:  05/07/2019

<h2>Output:</h2>
*** Using Compiler 'V5.06 update 1 (build 61)', folder: 'C:\Keil_v5\ARM\ARMCC\Bin'
Rebuild target 'Target 1'
compiling Time.c...
compiling gpio.c...
compiling myiic.c...
compiling main.c...
compiling Filter.c...
compiling oled.c...
compiling math_MK1.c...
compiling adc.c...
compiling aes.c...
compiling can.c...
compiling comp.c...
compiling crc.c...
compiling des.c...
compiling eeprom.c...
compiling emac.c...
compiling epi.c...
compiling fpu.c...
compiling flash.c...
compiling cpu.c...
compiling hibernate.c...
compiling interrupt.c...
compiling i2c.c...
compiling lcd.c...
compiling mpu.c...
compiling onewire.c...
compiling qei.c...
compiling pwm.c...
compiling shamd5.c...
compiling sw_crc.c...
compiling ssi.c...
compiling sysexc.c...
compiling systick.c...
compiling timer.c...
compiling uart.c...
compiling udma.c...
compiling watchdog.c...
compiling bmp180.c...
compiling usb.c...
compiling sysctl.c...
compiling ssd1306.c...
compiling mpu6050.c...
compiling mpu6050_MK1.c...
compiling i2cm_drv.c...
assembling startup_TM4C123.s...
compiling system_TM4C123.c...
linking...
Program Size: Code=6922 RO-data=8130 RW-data=2668 ZI-data=804  
".\Objects\drone_MK1.axf" - 0 Error(s), 0 Warning(s).

<h2>Software Packages used:</h2>

Package Vendor: ARM
                http://www.keil.com/pack/ARM.CMSIS.5.4.0.pack
                ARM::CMSIS:CORE:5.1.2
                CMSIS (Cortex Microcontroller Software Interface Standard)
   * Component: CORE Version: 5.1.2

Package Vendor: Keil
                http://www.keil.com/pack/Keil.TM4C_DFP.1.1.0.pack
                Keil::Device:Startup:1.0.1
                Texas Instruments Tiva C Series Device Support and Examples
   * Component: Startup Version: 1.0.1

<h2>Collection of Component include folders:</h2>
  F:\电设\飞控源码\drone\drone_MK1\RTE
  C:\Keil_v5\ARM\PACK\ARM\CMSIS\5.4.0\CMSIS\Core\Include
  C:\Keil_v5\ARM\PACK\Keil\TM4C_DFP\1.1.0\Device\Include\TM4C123

<h2>Collection of Component Files used:</h2>

   * Component: ARM::CMSIS:CORE:5.1.2

   * Component: Keil::Device:Startup:1.0.1
      Include file:  Device\Include\TM4C123\TM4C123.h
      Source file:   Device\Source\system_TM4C123.c
      Source file:   Device\Source\ARM\startup_TM4C123.s
Build Time Elapsed:  00:00:10
</pre>
</body>
</html>
