Component: ARM Compiler 5.06 update 1 (build 61) Tool: armlink [4d35a8]

==============================================================================

Section Cross References

    main.o(i.main) refers to main.o(i.system_init) for system_init
    main.o(i.main) refers to main.o(i.schedule_task) for schedule_task
    main.o(i.schedule_task) refers to time.o(i.delay) for delay
    main.o(i.schedule_task) refers to mpu6050_mk1.o(i.MPU6050_Read_Data) for MPU6050_Read_Data
    main.o(i.schedule_task) refers to oled.o(i.LCD_CLS) for LCD_CLS
    main.o(i.schedule_task) refers to oled.o(i.write_6_8_number) for write_6_8_number
    main.o(i.schedule_task) refers to main.o(.bss) for my_sensor_data
    main.o(i.system_init) refers to fpu.o(i.FPUEnable) for FPUEnable
    main.o(i.system_init) refers to fpu.o(i.FPULazyStackingEnable) for FPULazyStackingEnable
    main.o(i.system_init) refers to sysctl.o(i.SysCtlClockSet) for SysCtlClockSet
    main.o(i.system_init) refers to time.o(i.initTime) for initTime
    main.o(i.system_init) refers to oled.o(i.OLED_Init) for OLED_Init
    main.o(i.system_init) refers to oled.o(i.LCD_P8x16Str) for LCD_P8x16Str
    main.o(i.system_init) refers to sysctl.o(i.SysCtlPeripheralEnable) for SysCtlPeripheralEnable
    main.o(i.system_init) refers to gpio.o(i.GPIOPinConfigure) for GPIOPinConfigure
    main.o(i.system_init) refers to gpio.o(i.GPIOPinTypeI2CSCL) for GPIOPinTypeI2CSCL
    main.o(i.system_init) refers to gpio.o(i.GPIOPinTypeI2C) for GPIOPinTypeI2C
    main.o(i.system_init) refers to sysctl.o(i.SysCtlClockGet) for SysCtlClockGet
    main.o(i.system_init) refers to i2c.o(i.I2CMasterInitExpClk) for I2CMasterInitExpClk
    main.o(i.system_init) refers to i2c.o(i.I2CMasterEnable) for I2CMasterEnable
    main.o(i.system_init) refers to mpu6050_mk1.o(i.Init_MPU6050) for Init_MPU6050
    oled.o(i.Draw_Logo) refers to oled.o(i.LCD_Set_Pos) for LCD_Set_Pos
    oled.o(i.Draw_Logo) refers to oled.o(i.LCD_WrDat) for LCD_WrDat
    oled.o(i.Draw_Logo) refers to oled.o(.constdata) for LOGO128x64
    oled.o(i.Draw_Logo1) refers to oled.o(i.LCD_Set_Pos) for LCD_Set_Pos
    oled.o(i.Draw_Logo1) refers to oled.o(i.LCD_WrDat) for LCD_WrDat
    oled.o(i.Draw_Logo1) refers to time.o(i.Delay_Ms) for Delay_Ms
    oled.o(i.Draw_Logo1) refers to oled.o(i.LCD_CLS) for LCD_CLS
    oled.o(i.Draw_Logo1) refers to oled.o(.constdata) for YuYi_TC
    oled.o(i.IIC_Ack) refers to gpio.o(i.GPIOPinWrite) for GPIOPinWrite
    oled.o(i.IIC_Ack) refers to oled.o(i.SDA_OUT) for SDA_OUT
    oled.o(i.IIC_NAck) refers to gpio.o(i.GPIOPinWrite) for GPIOPinWrite
    oled.o(i.IIC_NAck) refers to oled.o(i.SDA_OUT) for SDA_OUT
    oled.o(i.IIC_Wait_Ack) refers to oled.o(i.SDA_IN) for SDA_IN
    oled.o(i.IIC_Wait_Ack) refers to gpio.o(i.GPIOPinWrite) for GPIOPinWrite
    oled.o(i.IIC_Wait_Ack) refers to oled.o(i.OLED_IIC_Stop) for OLED_IIC_Stop
    oled.o(i.IIC_Wait_Ack) refers to gpio.o(i.GPIOPinRead) for GPIOPinRead
    oled.o(i.LCD_CLS) refers to oled.o(i.LCD_WrCmd) for LCD_WrCmd
    oled.o(i.LCD_CLS) refers to oled.o(i.LCD_WrDat) for LCD_WrDat
    oled.o(i.LCD_Fill) refers to oled.o(i.LCD_WrCmd) for LCD_WrCmd
    oled.o(i.LCD_Fill) refers to oled.o(i.LCD_WrDat) for LCD_WrDat
    oled.o(i.LCD_P6x8Char) refers to oled.o(i.LCD_Set_Pos) for LCD_Set_Pos
    oled.o(i.LCD_P6x8Char) refers to oled.o(i.LCD_WrDat) for LCD_WrDat
    oled.o(i.LCD_P6x8Char) refers to oled.o(.constdata) for F6x8
    oled.o(i.LCD_P6x8Str) refers to oled.o(i.LCD_Set_Pos) for LCD_Set_Pos
    oled.o(i.LCD_P6x8Str) refers to oled.o(i.LCD_WrDat) for LCD_WrDat
    oled.o(i.LCD_P6x8Str) refers to oled.o(.constdata) for F6x8
    oled.o(i.LCD_P8x16Char) refers to oled.o(i.LCD_Set_Pos) for LCD_Set_Pos
    oled.o(i.LCD_P8x16Char) refers to oled.o(i.LCD_WrDat) for LCD_WrDat
    oled.o(i.LCD_P8x16Char) refers to oled.o(.constdata) for F8X16
    oled.o(i.LCD_P8x16Str) refers to oled.o(i.LCD_Set_Pos) for LCD_Set_Pos
    oled.o(i.LCD_P8x16Str) refers to oled.o(i.LCD_WrDat) for LCD_WrDat
    oled.o(i.LCD_P8x16Str) refers to oled.o(.constdata) for F8X16
    oled.o(i.LCD_Set_Pos) refers to oled.o(i.LCD_WrCmd) for LCD_WrCmd
    oled.o(i.LCD_WrCmd) refers to gpio.o(i.GPIOPinWrite) for GPIOPinWrite
    oled.o(i.LCD_WrDat) refers to gpio.o(i.GPIOPinWrite) for GPIOPinWrite
    oled.o(i.LCD_clear_L) refers to oled.o(i.LCD_WrCmd) for LCD_WrCmd
    oled.o(i.LCD_clear_L) refers to oled.o(i.LCD_Set_Pos) for LCD_Set_Pos
    oled.o(i.LCD_clear_L) refers to oled.o(i.LCD_WrDat) for LCD_WrDat
    oled.o(i.OLEDInit) refers to gpio.o(i.GPIOPinWrite) for GPIOPinWrite
    oled.o(i.OLEDInit) refers to time.o(i.Delay_Ms) for Delay_Ms
    oled.o(i.OLEDInit) refers to oled.o(i.LCD_WrCmd) for LCD_WrCmd
    oled.o(i.OLEDInit) refers to oled.o(i.LCD_Fill) for LCD_Fill
    oled.o(i.OLEDInit) refers to oled.o(i.LCD_Set_Pos) for LCD_Set_Pos
    oled.o(i.OLED_CLS) refers to oled.o(i.OLED_WrCmd) for OLED_WrCmd
    oled.o(i.OLED_CLS) refers to oled.o(i.OLED_WrDat) for OLED_WrDat
[...]
    Removing usb.o(i.USBDevAddrGet), (6 bytes).
    Removing usb.o(i.USBDevAddrSet), (4 bytes).
    Removing usb.o(i.USBDevConnect), (10 bytes).
    Removing usb.o(i.USBDevDisconnect), (10 bytes).
    Removing usb.o(i.USBDevEndpointConfigGet), (200 bytes).
    Removing usb.o(i.USBDevEndpointConfigSet), (174 bytes).
    Removing usb.o(i.USBDevEndpointDataAck), (44 bytes).
    Removing usb.o(i.USBDevEndpointStall), (68 bytes).
    Removing usb.o(i.USBDevEndpointStallClear), (92 bytes).
    Removing usb.o(i.USBDevEndpointStatusClear), (112 bytes).
    Removing usb.o(i.USBDevLPMConfig), (6 bytes).
    Removing usb.o(i.USBDevLPMDisable), (14 bytes).
    Removing usb.o(i.USBDevLPMEnable), (14 bytes).
    Removing usb.o(i.USBDevLPMRemoteWake), (14 bytes).
    Removing usb.o(i.USBDevMode), (8 bytes).
    Removing usb.o(i.USBDevSpeedGet), (18 bytes).
    Removing usb.o(i.USBEndpointDMAChannel), (34 bytes).
    Removing usb.o(i.USBEndpointDMAConfigSet), (112 bytes).
    Removing usb.o(i.USBEndpointDMADisable), (60 bytes).
    Removing usb.o(i.USBEndpointDMAEnable), (60 bytes).
    Removing usb.o(i.USBEndpointDataAvail), (34 bytes).
    Removing usb.o(i.USBEndpointDataGet), (82 bytes).
    Removing usb.o(i.USBEndpointDataPut), (54 bytes).
    Removing usb.o(i.USBEndpointDataSend), (58 bytes).
    Removing usb.o(i.USBEndpointDataToggleClear), (52 bytes).
    Removing usb.o(i.USBEndpointPacketCountSet), (18 bytes).
    Removing usb.o(i.USBEndpointStatus), (28 bytes).
    Removing usb.o(i.USBFIFOAddrGet), (12 bytes).
    Removing usb.o(i.USBFIFOConfigGet), (88 bytes).
    Removing usb.o(i.USBFIFOConfigSet), (92 bytes).
    Removing usb.o(i.USBFIFOFlush), (96 bytes).
    Removing usb.o(i.USBFrameNumberGet), (6 bytes).
    Removing usb.o(i.USBHighSpeed), (22 bytes).
    Removing usb.o(i.USBHostAddrGet), (32 bytes).
    Removing usb.o(i.USBHostAddrSet), (32 bytes).
    Removing usb.o(i.USBHostEndpointConfig), (298 bytes).
    Removing usb.o(i.USBHostEndpointDataAck), (40 bytes).
    Removing usb.o(i.USBHostEndpointDataToggle), (114 bytes).
    Removing usb.o(i.USBHostEndpointPing), (44 bytes).
    Removing usb.o(i.USBHostEndpointSpeed), (124 bytes).
    Removing usb.o(i.USBHostEndpointStatusClear), (56 bytes).
    Removing usb.o(i.USBHostHubAddrGet), (32 bytes).
    Removing usb.o(i.USBHostHubAddrSet), (68 bytes).
    Removing usb.o(i.USBHostLPMConfig), (22 bytes).
    Removing usb.o(i.USBHostLPMResume), (14 bytes).
    Removing usb.o(i.USBHostLPMSend), (36 bytes).
    Removing usb.o(i.USBHostMode), (8 bytes).
    Removing usb.o(i.USBHostPwrConfig), (24 bytes).
    Removing usb.o(i.USBHostPwrDisable), (14 bytes).
    Removing usb.o(i.USBHostPwrEnable), (14 bytes).
    Removing usb.o(i.USBHostPwrFaultDisable), (14 bytes).
    Removing usb.o(i.USBHostPwrFaultEnable), (14 bytes).
    Removing usb.o(i.USBHostRequestIN), (20 bytes).
    Removing usb.o(i.USBHostRequestINClear), (24 bytes).
    Removing usb.o(i.USBHostRequestStatus), (8 bytes).
    Removing usb.o(i.USBHostReset), (22 bytes).
    Removing usb.o(i.USBHostResume), (22 bytes).
    Removing usb.o(i.USBHostSpeedGet), (48 bytes).
    Removing usb.o(i.USBHostSuspend), (10 bytes).
    Removing usb.o(i.USBIntDisableControl), (40 bytes).
    Removing usb.o(i.USBIntDisableEndpoint), (20 bytes).
    Removing usb.o(i.USBIntEnableControl), (40 bytes).
    Removing usb.o(i.USBIntEnableEndpoint), (22 bytes).
    Removing usb.o(i.USBIntRegister), (30 bytes).
    Removing usb.o(i.USBIntStatusControl), (64 bytes).
    Removing usb.o(i.USBIntStatusEndpoint), (12 bytes).
    Removing usb.o(i.USBIntUnregister), (26 bytes).
    Removing usb.o(i.USBLPMEndpointGet), (12 bytes).
    Removing usb.o(i.USBLPMIntDisable), (12 bytes).
    Removing usb.o(i.USBLPMIntEnable), (12 bytes).
    Removing usb.o(i.USBLPMIntStatus), (8 bytes).
    Removing usb.o(i.USBLPMLinkStateGet), (12 bytes).
    Removing usb.o(i.USBLPMRemoteWakeEnabled), (20 bytes).
    Removing usb.o(i.USBModeConfig), (6 bytes).
    Removing usb.o(i.USBModeGet), (12 bytes).
    Removing usb.o(i.USBNumEndpointsGet), (12 bytes).
    Removing usb.o(i.USBOTGMode), (8 bytes).
    Removing usb.o(i.USBOTGSessionRequest), (30 bytes).
    Removing usb.o(i.USBPHYPowerOff), (10 bytes).
    Removing usb.o(i.USBPHYPowerOn), (10 bytes).
    Removing usb.o(i.USBULPIConfig), (6 bytes).
    Removing usb.o(i.USBULPIDisable), (14 bytes).
    Removing usb.o(i.USBULPIEnable), (14 bytes).
    Removing usb.o(i.USBULPIRegRead), (38 bytes).
    Removing usb.o(i.USBULPIRegWrite), (34 bytes).
    Removing usb.o(i._USBIndexRead), (22 bytes).
    Removing usb.o(i._USBIndexWrite), (22 bytes).
    Removing usb.o(i._USBIntNumberGet), (60 bytes).
    Removing watchdog.o(i.WatchdogEnable), (10 bytes).
    Removing watchdog.o(i.WatchdogIntClear), (6 bytes).
    Removing watchdog.o(i.WatchdogIntEnable), (10 bytes).
    Removing watchdog.o(i.WatchdogIntRegister), (22 bytes).
    Removing watchdog.o(i.WatchdogIntStatus), (12 bytes).
    Removing watchdog.o(i.WatchdogIntTypeSet), (12 bytes).
    Removing watchdog.o(i.WatchdogIntUnregister), (18 bytes).
    Removing watchdog.o(i.WatchdogLock), (8 bytes).
    Removing watchdog.o(i.WatchdogLockState), (16 bytes).
    Removing watchdog.o(i.WatchdogReloadGet), (6 bytes).
    Removing watchdog.o(i.WatchdogReloadSet), (4 bytes).
    Removing watchdog.o(i.WatchdogResetDisable), (10 bytes).
    Removing watchdog.o(i.WatchdogResetEnable), (10 bytes).
    Removing watchdog.o(i.WatchdogRunning), (10 bytes).
    Removing watchdog.o(i.WatchdogStallDisable), (14 bytes).
    Removing watchdog.o(i.WatchdogStallEnable), (14 bytes).
    Removing watchdog.o(i.WatchdogUnlock), (12 bytes).
    Removing watchdog.o(i.WatchdogValueGet), (6 bytes).
    Removing bmp180.o(i.BMP180Callback), (660 bytes).
    Removing bmp180.o(i.BMP180DataPressureGetFloat), (604 bytes).
    Removing bmp180.o(i.BMP180DataPressureGetRaw), (24 bytes).
    Removing bmp180.o(i.BMP180DataRead), (72 bytes).
    Removing bmp180.o(i.BMP180DataTemperatureGetFloat), (140 bytes).
    Removing bmp180.o(i.BMP180DataTemperatureGetRaw), (12 bytes).
    Removing bmp180.o(i.BMP180Init), (84 bytes).
    Removing bmp180.o(i.BMP180Read), (84 bytes).
    Removing bmp180.o(i.BMP180ReadModifyWrite), (80 bytes).
    Removing bmp180.o(i.BMP180Write), (104 bytes).
    Removing ssd1306.o(i.draw_oled), (56 bytes).
    Removing ssd1306.o(i.set_rotation), (100 bytes).
    Removing ssd1306.o(i.ssd1306_clear_display), (20 bytes).
    Removing ssd1306.o(i.ssd1306_cp437), (20 bytes).
    Removing ssd1306.o(i.ssd1306_data), (12 bytes).
    Removing ssd1306.o(i.ssd1306_dim), (44 bytes).
    Removing ssd1306.o(i.ssd1306_display), (44 bytes).
    Removing ssd1306.o(i.ssd1306_draw_bitmap), (100 bytes).
    Removing ssd1306.o(i.ssd1306_draw_bitmap_bg), (118 bytes).
    Removing ssd1306.o(i.ssd1306_draw_char), (268 bytes).
    Removing ssd1306.o(i.ssd1306_draw_circle), (260 bytes).
    Removing ssd1306.o(i.ssd1306_draw_circle_helper), (230 bytes).
    Removing ssd1306.o(i.ssd1306_draw_fast_hline), (168 bytes).
    Removing ssd1306.o(i.ssd1306_draw_fast_hline_internal), (188 bytes).
    Removing ssd1306.o(i.ssd1306_draw_fast_vline), (168 bytes).
    Removing ssd1306.o(i.ssd1306_draw_fast_vline_internal), (400 bytes).
    Removing ssd1306.o(i.ssd1306_draw_line), (206 bytes).
    Removing ssd1306.o(i.ssd1306_draw_pixel), (284 bytes).
    Removing ssd1306.o(i.ssd1306_draw_rect), (76 bytes).
    Removing ssd1306.o(i.ssd1306_draw_round_rect), (210 bytes).
    Removing ssd1306.o(i.ssd1306_draw_triangle), (64 bytes).
    Removing ssd1306.o(i.ssd1306_draw_xbitmap), (110 bytes).
    Removing ssd1306.o(i.ssd1306_fill_circle), (48 bytes).
    Removing ssd1306.o(i.ssd1306_fill_circle_helper), (198 bytes).
    Removing ssd1306.o(i.ssd1306_fill_rect), (46 bytes).
    Removing ssd1306.o(i.ssd1306_fill_round_rect), (108 bytes).
    Removing ssd1306.o(i.ssd1306_fill_screen), (36 bytes).
    Removing ssd1306.o(i.ssd1306_fill_triangle), (400 bytes).
    Removing ssd1306.o(i.ssd1306_get_cursor_x), (12 bytes).
    Removing ssd1306.o(i.ssd1306_get_cursor_y), (12 bytes).
    Removing ssd1306.o(i.ssd1306_get_rotation), (12 bytes).
    Removing ssd1306.o(i.ssd1306_height), (12 bytes).
    Removing ssd1306.o(i.ssd1306_invert_display), (22 bytes).
    Removing ssd1306.o(i.ssd1306_puts), (18 bytes).
    Removing ssd1306.o(i.ssd1306_putstring), (22 bytes).
    Removing ssd1306.o(i.ssd1306_set_cursor), (20 bytes).
    Removing ssd1306.o(i.ssd1306_set_rotation), (100 bytes).
    Removing ssd1306.o(i.ssd1306_set_textcolor), (20 bytes).
    Removing ssd1306.o(i.ssd1306_set_textcolor_bg), (20 bytes).
    Removing ssd1306.o(i.ssd1306_set_textsize), (20 bytes).
    Removing ssd1306.o(i.ssd1306_set_textwrap), (20 bytes).
    Removing ssd1306.o(i.ssd1306_start_scroll_diag_left), (68 bytes).
    Removing ssd1306.o(i.ssd1306_start_scroll_diag_right), (68 bytes).
    Removing ssd1306.o(i.ssd1306_start_scroll_left), (56 bytes).
    Removing ssd1306.o(i.ssd1306_start_scroll_right), (56 bytes).
    Removing ssd1306.o(i.ssd1306_stop_scroll), (10 bytes).
    Removing ssd1306.o(i.ssd1306_width), (12 bytes).
    Removing ssd1306.o(i.ssd1306_write), (184 bytes).
    Removing ssd1306.o(.constdata), (1275 bytes).
    Removing i2cm_drv.o(i.I2CMCommand), (162 bytes).
    Removing i2cm_drv.o(i.I2CMInit), (80 bytes).
    Removing i2cm_drv.o(i.I2CMIntHandler), (236 bytes).
    Removing i2cm_drv.o(i.I2CMRead16BE), (88 bytes).
    Removing i2cm_drv.o(i.I2CMRead16BECallback), (62 bytes).
    Removing i2cm_drv.o(i.I2CMReadModifyWrite16LE), (132 bytes).
    Removing i2cm_drv.o(i.I2CMReadModifyWrite16LECallback), (108 bytes).
    Removing i2cm_drv.o(i.I2CMReadModifyWrite8), (128 bytes).
    Removing i2cm_drv.o(i.I2CMReadModifyWrite8Callback), (92 bytes).
    Removing i2cm_drv.o(i.I2CMStateCallback), (90 bytes).
    Removing i2cm_drv.o(i.I2CMStateIdle), (232 bytes).
    Removing i2cm_drv.o(i.I2CMStateReadFinal), (76 bytes).
    Removing i2cm_drv.o(i.I2CMStateReadFirst), (56 bytes).
    Removing i2cm_drv.o(i.I2CMStateReadNext), (86 bytes).
    Removing i2cm_drv.o(i.I2CMStateReadOne), (46 bytes).
    Removing i2cm_drv.o(i.I2CMStateReadPause), (84 bytes).
    Removing i2cm_drv.o(i.I2CMStateReadWait), (30 bytes).
    Removing i2cm_drv.o(i.I2CMStateWriteFinal), (104 bytes).
    Removing i2cm_drv.o(i.I2CMStateWriteNext), (86 bytes).
    Removing i2cm_drv.o(i.I2CMStateWritePause), (132 bytes).
    Removing i2cm_drv.o(i.I2CMTransferResume), (72 bytes).
    Removing i2cm_drv.o(i.I2CMWrite16BE), (88 bytes).
    Removing i2cm_drv.o(i.I2CMWrite16BECallback), (66 bytes).
    Removing i2cm_drv.o(i.I2CMWrite8), (92 bytes).
    Removing i2cm_drv.o(i.I2CMWrite8Callback), (66 bytes).
    Removing mpu6050.o(i.MPU6050Callback), (252 bytes).
    Removing mpu6050.o(i.MPU6050DataAccelGetFloat), (108 bytes).
    Removing mpu6050.o(i.MPU6050DataAccelGetRaw), (40 bytes).
    Removing mpu6050.o(i.MPU6050DataGyroGetFloat), (108 bytes).
    Removing mpu6050.o(i.MPU6050DataGyroGetRaw), (40 bytes).
    Removing mpu6050.o(i.MPU6050DataRead), (76 bytes).
    Removing mpu6050.o(i.MPU6050Init), (116 bytes).
    Removing mpu6050.o(i.MPU6050Read), (84 bytes).
    Removing mpu6050.o(i.MPU6050ReadModifyWrite), (80 bytes).
    Removing mpu6050.o(i.MPU6050Write), (152 bytes).
    Removing mpu6050.o(.constdata), (32 bytes).
    Removing system_tm4c123.o(.rev16_text), (4 bytes).
    Removing system_tm4c123.o(.revsh_text), (4 bytes).
    Removing system_tm4c123.o(.rrx_text), (6 bytes).
    Removing system_tm4c123.o(i.SystemCoreClockUpdate), (196 bytes).
    Removing system_tm4c123.o(i.getOscClk), (244 bytes).
    Removing system_tm4c123.o(.data), (4 bytes).
    Removing epi.o(i.EPIWorkaroundWordWrite), (12 bytes).
    Removing epi.o(i.EPIWorkaroundWordRead), (14 bytes).
    Removing epi.o(i.EPIWorkaroundHWordWrite), (12 bytes).
    Removing epi.o(i.EPIWorkaroundHWordRead), (14 bytes).
    Removing epi.o(i.EPIWorkaroundByteWrite), (12 bytes).
    Removing epi.o(i.EPIWorkaroundByteRead), (14 bytes).
    Removing i2cm_drv.o(i.I2CMWrite), (52 bytes).
    Removing i2cm_drv.o(i.I2CMRead), (52 bytes).
    Removing i2cm_drv.o(i.I2CMWriteBatched), (56 bytes).
    Removing i2cm_drv.o(i.I2CMReadBatched), (50 bytes).
    Removing i2cm_drv.o(i.I2CMReadModifyWrite16BE), (64 bytes).

1097 unused section(s) (total 55567 bytes) removed from the image.

==============================================================================

Image Symbol Table

    Local Symbols

    Symbol Name                              Value     Ov Type        Size  Object(Section)

    RESET                                    0x00000000   Section      620  startup_tm4c123.o(RESET)
    ../clib/angel/boardlib.s                 0x00000000   Number         0  boardinit1.o ABSOLUTE
    ../clib/angel/boardlib.s                 0x00000000   Number         0  boardinit3.o ABSOLUTE
    ../clib/angel/boardlib.s                 0x00000000   Number         0  boardshut.o ABSOLUTE
    ../clib/angel/boardlib.s                 0x00000000   Number         0  boardinit2.o ABSOLUTE
    ../clib/angel/dczerorl2.s                0x00000000   Number         0  __dczerorl2.o ABSOLUTE
    ../clib/angel/handlers.s                 0x00000000   Number         0  __scatter_zi.o ABSOLUTE
    ../clib/angel/kernel.s                   0x00000000   Number         0  __rtentry4.o ABSOLUTE
    ../clib/angel/kernel.s                   0x00000000   Number         0  rtexit2.o ABSOLUTE
    ../clib/angel/kernel.s                   0x00000000   Number         0  rtexit.o ABSOLUTE
    ../clib/angel/kernel.s                   0x00000000   Number         0  __rtentry.o ABSOLUTE
    ../clib/angel/kernel.s                   0x00000000   Number         0  __rtentry2.o ABSOLUTE
    ../clib/angel/rt.s                       0x00000000   Number         0  rt_raise.o ABSOLUTE
    ../clib/angel/rt.s                       0x00000000   Number         0  rt_errno_addr.o ABSOLUTE
    ../clib/angel/rt.s                       0x00000000   Number         0  rt_errno_addr_intlibspace.o ABSOLUTE
    ../clib/angel/scatter.s                  0x00000000   Number         0  __scatter.o ABSOLUTE
    ../clib/angel/startup.s                  0x00000000   Number         0  __main.o ABSOLUTE
    ../clib/angel/sys.s                      0x00000000   Number         0  libspace.o ABSOLUTE
    ../clib/angel/sys.s                      0x00000000   Number         0  sys_stackheap_outer.o ABSOLUTE
    ../clib/angel/sys.s                      0x00000000   Number         0  indicate_semi.o ABSOLUTE
    ../clib/angel/sys.s                      0x00000000   Number         0  use_no_semi.o ABSOLUTE
    ../clib/angel/sysapp.c                   0x00000000   Number         0  sys_command.o ABSOLUTE
    ../clib/angel/sysapp.c                   0x00000000   Number         0  sys_wrch.o ABSOLUTE
    ../clib/angel/sysapp.c                   0x00000000   Number         0  sys_exit.o ABSOLUTE
    ../clib/armsys.c                         0x00000000   Number         0  _get_argv_nomalloc.o ABSOLUTE
    ../clib/armsys.c                         0x00000000   Number         0  argv_veneer.o ABSOLUTE
    ../clib/armsys.c                         0x00000000   Number         0  no_argv.o ABSOLUTE
    ../clib/armsys.c                         0x00000000   Number         0  argv_veneer.o ABSOLUTE
    ../clib/fenv.c                           0x00000000   Number         0  _rserrno.o ABSOLUTE
    ../clib/heapalloc.c                      0x00000000   Number         0  hrguard.o ABSOLUTE
    ../clib/heapaux.c                        0x00000000   Number         0  heapauxi.o ABSOLUTE
    ../clib/libinit.s                        0x00000000   Number         0  libshutdown.o ABSOLUTE
    ../clib/libinit.s                        0x00000000   Number         0  libinit2.o ABSOLUTE
    ../clib/libinit.s                        0x00000000   Number         0  libshutdown2.o ABSOLUTE
    ../clib/libinit.s                        0x00000000   Number         0  libinit.o ABSOLUTE
    ../clib/memcpset.s                       0x00000000   Number         0  rt_memclr_w.o ABSOLUTE
    ../clib/memcpset.s                       0x00000000   Number         0  rt_memclr.o ABSOLUTE
    ../clib/signal.c                         0x00000000   Number         0  __raise.o ABSOLUTE
    ../clib/signal.c                         0x00000000   Number         0  defsig_rtmem_inner.o ABSOLUTE
    ../clib/signal.c                         0x00000000   Number         0  defsig_exit.o ABSOLUTE
    ../clib/signal.c                         0x00000000   Number         0  defsig_rtmem_formal.o ABSOLUTE
    ../clib/signal.c                         0x00000000   Number         0  defsig_rtmem_outer.o ABSOLUTE
    ../clib/signal.c                         0x00000000   Number         0  defsig_rtred_inner.o ABSOLUTE
    ../clib/signal.c                         0x00000000   Number         0  defsig_fpe_inner.o ABSOLUTE
    ../clib/signal.c                         0x00000000   Number         0  defsig_general.o ABSOLUTE
    ../clib/signal.c                         0x00000000   Number         0  defsig_abrt_inner.o ABSOLUTE
    ../clib/signal.c                         0x00000000   Number         0  defsig_other.o ABSOLUTE
    ../clib/signal.c                         0x00000000   Number         0  defsig_segv_inner.o ABSOLUTE
    ../clib/signal.c                         0x00000000   Number         0  defsig_cppl_inner.o ABSOLUTE
    ../clib/signal.c                         0x00000000   Number         0  defsig_pvfn_inner.o ABSOLUTE
    ../clib/signal.c                         0x00000000   Number         0  defsig_stak_inner.o ABSOLUTE
    ../clib/signal.s                         0x00000000   Number         0  defsig.o ABSOLUTE
    ../clib/stdlib.c                         0x00000000   Number         0  exit.o ABSOLUTE
    ../fplib/basic.s                         0x00000000   Number         0  basic.o ABSOLUTE
    ../fplib/d2f.s                           0x00000000   Number         0  d2f.o ABSOLUTE
    ../fplib/daddsub.s                       0x00000000   Number         0  daddsub_clz.o ABSOLUTE
    ../fplib/dcheck1.s                       0x00000000   Number         0  dcheck1.o ABSOLUTE
    ../fplib/dcmpi.s                         0x00000000   Number         0  dcmpi.o ABSOLUTE
    ../fplib/ddiv.s                          0x00000000   Number         0  ddiv.o ABSOLUTE
    ../fplib/dfix.s                          0x00000000   Number         0  dfix.o ABSOLUTE
    ../fplib/dflt.s                          0x00000000   Number         0  dflt_clz.o ABSOLUTE
    ../fplib/dleqf.s                         0x00000000   Number         0  dleqf.o ABSOLUTE
    ../fplib/dmul.s                          0x00000000   Number         0  dmul.o ABSOLUTE
    ../fplib/dnaninf.s                       0x00000000   Number         0  dnaninf.o ABSOLUTE
    ../fplib/dretinf.s                       0x00000000   Number         0  dretinf.o ABSOLUTE
    ../fplib/drleqf.s                        0x00000000   Number         0  drleqf.o ABSOLUTE
    ../fplib/dsqrt.s                         0x00000000   Number         0  dsqrt_umaal.o ABSOLUTE
    ../fplib/f2d.s                           0x00000000   Number         0  f2d.o ABSOLUTE
    ../fplib/fnaninf.s                       0x00000000   Number         0  fnaninf.o ABSOLUTE
    ../fplib/fpinit.s                        0x00000000   Number         0  fpinit.o ABSOLUTE
    ../fplib/fretinf.s                       0x00000000   Number         0  fretinf.o ABSOLUTE
    ../fplib/retnan.s                        0x00000000   Number         0  retnan.o ABSOLUTE
    ../fplib/scalbn.s                        0x00000000   Number         0  scalbn.o ABSOLUTE
    ../fplib/trapv.s                         0x00000000   Number         0  trapv.o ABSOLUTE
    ../fplib/usenofp.s                       0x00000000   Number         0  usenofp.o ABSOLUTE
    ../mathlib/asinf.c                       0x00000000   Number         0  asinf.o ABSOLUTE
    ../mathlib/asinf.c                       0x00000000   Number         0  asinf_x.o ABSOLUTE
    ../mathlib/cos_i.c                       0x00000000   Number         0  cos_i.o ABSOLUTE
    ../mathlib/cosf.c                        0x00000000   Number         0  cosf_x.o ABSOLUTE
    ../mathlib/cosf.c                        0x00000000   Number         0  cosf.o ABSOLUTE
    ../mathlib/dunder.c                      0x00000000   Number         0  dunder.o ABSOLUTE
    ../mathlib/fabs.c                        0x00000000   Number         0  fabs.o ABSOLUTE
    ../mathlib/fpclassify.c                  0x00000000   Number         0  fpclassify.o ABSOLUTE
    ../mathlib/fpclassifyf.c                 0x00000000   Number         0  fpclassifyf.o ABSOLUTE
    ../mathlib/funder.c                      0x00000000   Number         0  funder.o ABSOLUTE
    ../mathlib/poly.c                        0x00000000   Number         0  poly.o ABSOLUTE
    ../mathlib/pow.c                         0x00000000   Number         0  pow.o ABSOLUTE
    ../mathlib/pow.c                         0x00000000   Number         0  pow_x.o ABSOLUTE
    ../mathlib/qnan.c                        0x00000000   Number         0  qnan.o ABSOLUTE
    ../mathlib/rred.c                        0x00000000   Number         0  rred.o ABSOLUTE
    ../mathlib/rredf.c                       0x00000000   Number         0  rredf.o ABSOLUTE
    ../mathlib/sin.c                         0x00000000   Number         0  sin.o ABSOLUTE
    ../mathlib/sin.c                         0x00000000   Number         0  sin_x.o ABSOLUTE
    ../mathlib/sin_i.c                       0x00000000   Number         0  sin_i.o ABSOLUTE
    ../mathlib/sin_i.c                       0x00000000   Number         0  sin_i_x.o ABSOLUTE
    ../mathlib/sqrt.c                        0x00000000   Number         0  sqrt_x.o ABSOLUTE
    ../mathlib/sqrt.c                        0x00000000   Number         0  sqrt.o ABSOLUTE
    ../mathlib/sqrtf.c                       0x00000000   Number         0  sqrtf.o ABSOLUTE
    ../mathlib/sqrtf.c                       0x00000000   Number         0  sqrtf_x.o ABSOLUTE
    ../mathlib/tanf.c                        0x00000000   Number         0  tanf.o ABSOLUTE
    ../mathlib/tanf.c                        0x00000000   Number         0  tanf_x.o ABSOLUTE
    RTE\Device\TM4C123GH6PM\startup_TM4C123.s 0x00000000   Number         0  startup_tm4c123.o ABSOLUTE
    RTE\Device\TM4C123GH6PM\system_TM4C123.c 0x00000000   Number         0  system_tm4c123.o ABSOLUTE
    RTE\\Device\\TM4C123GH6PM\\system_TM4C123.c 0x00000000   Number         0  system_tm4c123.o ABSOLUTE
    USR\Filter.c                             0x00000000   Number         0  filter.o ABSOLUTE
    USR\Time.c                               0x00000000   Number         0  time.o ABSOLUTE
    USR\main.c                               0x00000000   Number         0  main.o ABSOLUTE
    USR\math_MK1.c                           0x00000000   Number         0  math_mk1.o ABSOLUTE
    USR\myiic.c                              0x00000000   Number         0  myiic.o ABSOLUTE
    USR\oled.c                               0x00000000   Number         0  oled.o ABSOLUTE
    dc.s                                     0x00000000   Number         0  dc.o ABSOLUTE
    driverlib\\cpu.c                         0x00000000   Number         0  cpu.o ABSOLUTE
    driverlib\\sysctl.c                      0x00000000   Number         0  sysctl.o ABSOLUTE
    driverlib\adc.c                          0x00000000   Number         0  adc.o ABSOLUTE
    driverlib\aes.c                          0x00000000   Number         0  aes.o ABSOLUTE
    driverlib\can.c                          0x00000000   Number         0  can.o ABSOLUTE
    driverlib\comp.c                         0x00000000   Number         0  comp.o ABSOLUTE
    driverlib\cpu.c                          0x00000000   Number         0  cpu.o ABSOLUTE
    driverlib\crc.c                          0x00000000   Number         0  crc.o ABSOLUTE
    driverlib\des.c                          0x00000000   Number         0  des.o ABSOLUTE
    driverlib\eeprom.c                       0x00000000   Number         0  eeprom.o ABSOLUTE
    driverlib\emac.c                         0x00000000   Number         0  emac.o ABSOLUTE
    driverlib\epi.c                          0x00000000   Number         0  epi.o ABSOLUTE
    driverlib\flash.c                        0x00000000   Number         0  flash.o ABSOLUTE
    driverlib\fpu.c                          0x00000000   Number         0  fpu.o ABSOLUTE
    driverlib\gpio.c                         0x00000000   Number         0  gpio.o ABSOLUTE
    driverlib\hibernate.c                    0x00000000   Number         0  hibernate.o ABSOLUTE
    driverlib\i2c.c                          0x00000000   Number         0  i2c.o ABSOLUTE
    driverlib\interrupt.c                    0x00000000   Number         0  interrupt.o ABSOLUTE
    driverlib\lcd.c                          0x00000000   Number         0  lcd.o ABSOLUTE
    driverlib\mpu.c                          0x00000000   Number         0  mpu.o ABSOLUTE
    driverlib\onewire.c                      0x00000000   Number         0  onewire.o ABSOLUTE
    driverlib\pwm.c                          0x00000000   Number         0  pwm.o ABSOLUTE
    driverlib\qei.c                          0x00000000   Number         0  qei.o ABSOLUTE
    driverlib\shamd5.c                       0x00000000   Number         0  shamd5.o ABSOLUTE
    driverlib\ssi.c                          0x00000000   Number         0  ssi.o ABSOLUTE
    driverlib\sw_crc.c                       0x00000000   Number         0  sw_crc.o ABSOLUTE
    driverlib\sysctl.c                       0x00000000   Number         0  sysctl.o ABSOLUTE
    driverlib\sysexc.c                       0x00000000   Number         0  sysexc.o ABSOLUTE
    driverlib\systick.c                      0x00000000   Number         0  systick.o ABSOLUTE
    driverlib\timer.c                        0x00000000   Number         0  timer.o ABSOLUTE
    driverlib\uart.c                         0x00000000   Number         0  uart.o ABSOLUTE
    driverlib\udma.c                         0x00000000   Number         0  udma.o ABSOLUTE
    driverlib\usb.c                          0x00000000   Number         0  usb.o ABSOLUTE
    driverlib\watchdog.c                     0x00000000   Number         0  watchdog.o ABSOLUTE
    sensorlib\bmp180.c                       0x00000000   Number         0  bmp180.o ABSOLUTE
    sensorlib\i2cm_drv.c                     0x00000000   Number         0  i2cm_drv.o ABSOLUTE
    sensorlib\mpu6050.c                      0x00000000   Number         0  mpu6050.o ABSOLUTE
    sensorlib\mpu6050_MK1.c                  0x00000000   Number         0  mpu6050_mk1.o ABSOLUTE
    sensorlib\ssd1306.c                      0x00000000   Number         0  ssd1306.o ABSOLUTE
    !!!main                                  0x0000026c   Section        8  __main.o(!!!main)
    !!!scatter                               0x00000274   Section       52  __scatter.o(!!!scatter)
    !!dczerorl2                              0x000002a8   Section       90  __dczerorl2.o(!!dczerorl2)
    !!handler_zi                             0x00000304   Section       28  __scatter_zi.o(!!handler_zi)
    .ARM.Collect$$libinit$$00000000          0x00000320   Section        2  libinit.o(.ARM.Collect$$libinit$$00000000)
    .ARM.Collect$$libinit$$00000001          0x00000322   Section        4  libinit2.o(.ARM.Collect$$libinit$$00000001)
    .ARM.Collect$$libinit$$00000004          0x00000326   Section        0  libinit2.o(.ARM.Collect$$libinit$$00000004)
    .ARM.Collect$$libinit$$0000000A          0x00000326   Section        0  libinit2.o(.ARM.Collect$$libinit$$0000000A)
    .ARM.Collect$$libinit$$0000000C          0x00000326   Section        0  libinit2.o(.ARM.Collect$$libinit$$0000000C)
    .ARM.Collect$$libinit$$0000000E          0x00000326   Section        0  libinit2.o(.ARM.Collect$$libinit$$0000000E)
    .ARM.Collect$$libinit$$00000011          0x00000326   Section        0  libinit2.o(.ARM.Collect$$libinit$$00000011)
    .ARM.Collect$$libinit$$00000013          0x00000326   Section        0  libinit2.o(.ARM.Collect$$libinit$$00000013)
    .ARM.Collect$$libinit$$00000015          0x00000326   Section        0  libinit2.o(.ARM.Collect$$libinit$$00000015)
    .ARM.Collect$$libinit$$00000017          0x00000326   Section        0  libinit2.o(.ARM.Collect$$libinit$$00000017)
    .ARM.Collect$$libinit$$00000019          0x00000326   Section        0  libinit2.o(.ARM.Collect$$libinit$$00000019)
    .ARM.Collect$$libinit$$0000001B          0x00000326   Section        0  libinit2.o(.ARM.Collect$$libinit$$0000001B)
    .ARM.Collect$$libinit$$0000001D          0x00000326   Section        0  libinit2.o(.ARM.Collect$$libinit$$0000001D)
    .ARM.Collect$$libinit$$0000001F          0x00000326   Section        0  libinit2.o(.ARM.Collect$$libinit$$0000001F)
    .ARM.Collect$$libinit$$00000021          0x00000326   Section        0  libinit2.o(.ARM.Collect$$libinit$$00000021)
    .ARM.Collect$$libinit$$00000023          0x00000326   Section        0  libinit2.o(.ARM.Collect$$libinit$$00000023)
    .ARM.Collect$$libinit$$00000025          0x00000326   Section        0  libinit2.o(.ARM.Collect$$libinit$$00000025)
    .ARM.Collect$$libinit$$0000002C          0x00000326   Section        0  libinit2.o(.ARM.Collect$$libinit$$0000002C)
    .ARM.Collect$$libinit$$0000002E          0x00000326   Section        0  libinit2.o(.ARM.Collect$$libinit$$0000002E)
    .ARM.Collect$$libinit$$00000030          0x00000326   Section        0  libinit2.o(.ARM.Collect$$libinit$$00000030)
    .ARM.Collect$$libinit$$00000032          0x00000326   Section        0  libinit2.o(.ARM.Collect$$libinit$$00000032)
    .ARM.Collect$$libinit$$00000033          0x00000326   Section        2  libinit2.o(.ARM.Collect$$libinit$$00000033)
    .ARM.Collect$$libshutdown$$00000000      0x00000328   Section        2  libshutdown.o(.ARM.Collect$$libshutdown$$00000000)
    .ARM.Collect$$libshutdown$$00000002      0x0000032a   Section        0  libshutdown2.o(.ARM.Collect$$libshutdown$$00000002)
    .ARM.Collect$$libshutdown$$00000004      0x0000032a   Section        0  libshutdown2.o(.ARM.Collect$$libshutdown$$00000004)
    .ARM.Collect$$libshutdown$$00000007      0x0000032a   Section        0  libshutdown2.o(.ARM.Collect$$libshutdown$$00000007)
    .ARM.Collect$$libshutdown$$0000000A      0x0000032a   Section        0  libshutdown2.o(.ARM.Collect$$libshutdown$$0000000A)
    .ARM.Collect$$libshutdown$$0000000C      0x0000032a   Section        0  libshutdown2.o(.ARM.Collect$$libshutdown$$0000000C)
    .ARM.Collect$$libshutdown$$0000000F      0x0000032a   Section        0  libshutdown2.o(.ARM.Collect$$libshutdown$$0000000F)
    .ARM.Collect$$libshutdown$$00000010      0x0000032a   Section        2  libshutdown2.o(.ARM.Collect$$libshutdown$$00000010)
    .ARM.Collect$$rtentry$$00000000          0x0000032c   Section        0  __rtentry.o(.ARM.Collect$$rtentry$$00000000)
    .ARM.Collect$$rtentry$$00000002          0x0000032c   Section        0  __rtentry2.o(.ARM.Collect$$rtentry$$00000002)
    .ARM.Collect$$rtentry$$00000004          0x0000032c   Section        6  __rtentry4.o(.ARM.Collect$$rtentry$$00000004)
    .ARM.Collect$$rtentry$$00000009          0x00000332   Section        0  __rtentry2.o(.ARM.Collect$$rtentry$$00000009)
    .ARM.Collect$$rtentry$$0000000A          0x00000332   Section        4  __rtentry2.o(.ARM.Collect$$rtentry$$0000000A)
    .ARM.Collect$$rtentry$$0000000C          0x00000336   Section        0  __rtentry2.o(.ARM.Collect$$rtentry$$0000000C)
    .ARM.Collect$$rtentry$$0000000D          0x00000336   Section        8  __rtentry2.o(.ARM.Collect$$rtentry$$0000000D)
    .ARM.Collect$$rtexit$$00000000           0x0000033e   Section        2  rtexit.o(.ARM.Collect$$rtexit$$00000000)
    .ARM.Collect$$rtexit$$00000002           0x00000340   Section        0  rtexit2.o(.ARM.Collect$$rtexit$$00000002)
    .ARM.Collect$$rtexit$$00000003           0x00000340   Section        4  rtexit2.o(.ARM.Collect$$rtexit$$00000003)
    .ARM.Collect$$rtexit$$00000004           0x00000344   Section        6  rtexit2.o(.ARM.Collect$$rtexit$$00000004)
    .emb_text                                0x0000034c   Section        6  sysctl.o(.emb_text)
    $v0                                      0x0000034c   Number         0  sysctl.o(.emb_text)
    .text                                    0x00000354   Section      276  startup_tm4c123.o(.text)
    $v0                                      0x00000354   Number         0  startup_tm4c123.o(.text)
    .text                                    0x00000468   Section        0  heapauxi.o(.text)
    .text                                    0x0000046e   Section        0  _rserrno.o(.text)
    .text                                    0x00000484   Section        8  rt_errno_addr_intlibspace.o(.text)
    .text                                    0x0000048c   Section        8  libspace.o(.text)
    .text                                    0x00000494   Section       74  sys_stackheap_outer.o(.text)
    .text                                    0x000004de   Section        0  exit.o(.text)
    .text                                    0x000004f0   Section        0  sys_exit.o(.text)
    .text                                    0x000004fc   Section        2  use_no_semi.o(.text)
    .text                                    0x000004fe   Section        0  indicate_semi.o(.text)
    i.Delay_Ms                               0x000004fe   Section        0  time.o(i.Delay_Ms)
    i.Double_ReadI2C                         0x0000050a   Section        0  myiic.o(i.Double_ReadI2C)
    i.Draw_Logo1                             0x00000534   Section        0  oled.o(i.Draw_Logo1)
    i.FPUEnable                              0x0000057c   Section        0  fpu.o(i.FPUEnable)
    i.FPULazyStackingEnable                  0x00000590   Section        0  fpu.o(i.FPULazyStackingEnable)
    i.GPIODirModeSet                         0x000005a4   Section        0  gpio.o(i.GPIODirModeSet)
    i.GPIOPadConfigSet                       0x000005d6   Section        0  gpio.o(i.GPIOPadConfigSet)
    i.GPIOPinConfigure                       0x0000072c   Section        0  gpio.o(i.GPIOPinConfigure)
    i.GPIOPinTypeGPIOOutput                  0x0000077c   Section        0  gpio.o(i.GPIOPinTypeGPIOOutput)
    i.GPIOPinTypeI2C                         0x0000079a   Section        0  gpio.o(i.GPIOPinTypeI2C)
    i.GPIOPinTypeI2CSCL                      0x000007b8   Section        0  gpio.o(i.GPIOPinTypeI2CSCL)
    i.GPIOPinWrite                           0x000007d6   Section        0  gpio.o(i.GPIOPinWrite)
    i.I2CMasterBusy                          0x000007e0   Section        0  i2c.o(i.I2CMasterBusy)
    i.I2CMasterControl                       0x000007f2   Section        0  i2c.o(i.I2CMasterControl)
    i.I2CMasterDataGet                       0x000007f6   Section        0  i2c.o(i.I2CMasterDataGet)
    i.I2CMasterDataPut                       0x000007fc   Section        0  i2c.o(i.I2CMasterDataPut)
    i.I2CMasterEnable                        0x00000800   Section        0  i2c.o(i.I2CMasterEnable)
    i.I2CMasterInitExpClk                    0x0000080c   Section        0  i2c.o(i.I2CMasterInitExpClk)
    i.I2CMasterSlaveAddrSet                  0x00000868   Section        0  i2c.o(i.I2CMasterSlaveAddrSet)
    i.IMU_Calibration                        0x00000870   Section        0  mpu6050_mk1.o(i.IMU_Calibration)
    i.Init_MPU6050                           0x00000918   Section        0  mpu6050_mk1.o(i.Init_MPU6050)
    i.IntRegister                            0x000009b0   Section        0  interrupt.o(i.IntRegister)
    i.LCD_CLS                                0x000009ec   Section        0  oled.o(i.LCD_CLS)
    i.LCD_P6x8Char                           0x00000a24   Section        0  oled.o(i.LCD_P6x8Char)
    i.LCD_P6x8Str                            0x00000a6c   Section        0  oled.o(i.LCD_P6x8Str)
    i.LCD_P8x16Str                           0x00000ad0   Section        0  oled.o(i.LCD_P8x16Str)
    i.LCD_Set_Pos                            0x00000b58   Section        0  oled.o(i.LCD_Set_Pos)
    i.LCD_WrCmd                              0x00000b80   Section        0  oled.o(i.LCD_WrCmd)
    i.LCD_WrDat                              0x00000be8   Section        0  oled.o(i.LCD_WrDat)
    i.MPU6050_Read_Data                      0x00000c44   Section        0  mpu6050_mk1.o(i.MPU6050_Read_Data)
    i.OLED_Init                              0x00000cc4   Section        0  oled.o(i.OLED_Init)
    i.Set_Cutoff_Frequency                   0x00000d2c   Section        0  filter.o(i.Set_Cutoff_Frequency)
    i.SycTickHandler                         0x00000e00   Section        0  time.o(i.SycTickHandler)
    SycTickHandler                           0x00000e01   Thumb Code    12  time.o(i.SycTickHandler)
    i.SysCtlClockGet                         0x00000e10   Section        0  sysctl.o(i.SysCtlClockGet)
    i.SysCtlClockSet                         0x00000f7c   Section        0  sysctl.o(i.SysCtlClockSet)
    i.SysCtlPeripheralEnable                 0x000010a8   Section        0  sysctl.o(i.SysCtlPeripheralEnable)
    i.SysTickEnable                          0x000010dc   Section        0  systick.o(i.SysTickEnable)
    i.SysTickIntEnable                       0x000010ee   Section        0  systick.o(i.SysTickIntEnable)
    i.SysTickIntRegister                     0x00001100   Section        0  systick.o(i.SysTickIntRegister)
    i.SysTickPeriodSet                       0x0000111e   Section        0  systick.o(i.SysTickPeriodSet)
    i.SystemInit                             0x00001128   Section        0  system_tm4c123.o(i.SystemInit)
    i.__ARM_fpclassifyf                      0x000011c0   Section        0  fpclassifyf.o(i.__ARM_fpclassifyf)
    i.__hardfp_cosf                          0x000011e8   Section        0  cosf.o(i.__hardfp_cosf)
    i.__hardfp_tanf                          0x00001338   Section        0  tanf.o(i.__hardfp_tanf)
    i.__mathlib_flt_infnan                   0x000014b4   Section        0  funder.o(i.__mathlib_flt_infnan)
    i.__mathlib_flt_invalid                  0x000014bc   Section        0  funder.o(i.__mathlib_flt_invalid)
    i.__mathlib_flt_underflow                0x000014cc   Section        0  funder.o(i.__mathlib_flt_underflow)
    i.__mathlib_rredf2                       0x000014dc   Section        0  rredf.o(i.__mathlib_rredf2)
    i.delay                                  0x00001630   Section        0  time.o(i.delay)
    i.delayMicroseconds                      0x00001642   Section        0  time.o(i.delayMicroseconds)
    i.delay_ms                               0x0000165a   Section        0  time.o(i.delay_ms)
    i.i2cRead                                0x00001668   Section        0  myiic.o(i.i2cRead)
    i.i2cWrite                               0x000016c0   Section        0  myiic.o(i.i2cWrite)
    i.i2cWriteData                           0x000016d4   Section        0  myiic.o(i.i2cWriteData)
    i.initTime                               0x00001754   Section        0  time.o(i.initTime)
    i.main                                   0x00001780   Section        0  main.o(i.main)
    i.micros                                 0x0000178c   Section        0  time.o(i.micros)
    i.schedule_task                          0x00001798   Section        0  main.o(i.schedule_task)
    i.ssd1306_begin                          0x00001858   Section        0  ssd1306.o(i.ssd1306_begin)
    i.ssd1306_command                        0x000019b4   Section        0  ssd1306.o(i.ssd1306_command)
    i.system_init                            0x000019c0   Section        0  main.o(i.system_init)
    i.write_6_8_number                       0x00001a98   Section        0  oled.o(i.write_6_8_number)
    x$fpl$fpinit                             0x00001d6c   Section       10  fpinit.o(x$fpl$fpinit)
    $v0                                      0x00001d6c   Number         0  fpinit.o(x$fpl$fpinit)
    .constdata                               0x00001d76   Section     6296  oled.o(.constdata)
    x$fpl$usenofp                            0x00001d76   Section        0  usenofp.o(x$fpl$usenofp)
    .constdata                               0x00003610   Section      552  gpio.o(.constdata)
    g_ppui32GPIOIntMapBlizzard               0x00003610   Data         192  gpio.o(.constdata)
    g_ppui32GPIOIntMapSnowflake              0x000036d0   Data         216  gpio.o(.constdata)
    g_pui32GPIOBaseAddrs                     0x000037a8   Data         144  gpio.o(.constdata)
    .constdata                               0x00003838   Section      596  sysctl.o(.constdata)
    g_pui32Xtals                             0x00003838   Data         108  sysctl.o(.constdata)
    g_pppui32XTALtoVCO                       0x000038a4   Data         432  sysctl.o(.constdata)
    g_sXTALtoMEMTIM                          0x00003a54   Data          48  sysctl.o(.constdata)
    g_pui32VCOFrequencies                    0x00003a84   Data           8  sysctl.o(.constdata)
    .constdata                               0x00003a8c   Section       32  rredf.o(.constdata)
    twooverpi                                0x00003a8c   Data          32  rredf.o(.constdata)
    .data                                    0x20000000   Section        4  time.o(.data)
    counter                                  0x20000000   Data           4  time.o(.data)
    .data                                    0x20000004   Section     1063  ssd1306.o(.data)
    _vccstate                                0x20000004   Data           1  ssd1306.o(.data)
    _width                                   0x20000006   Data           2  ssd1306.o(.data)
    _height                                  0x20000008   Data           2  ssd1306.o(.data)
    WIDTH                                    0x2000000a   Data           2  ssd1306.o(.data)
    HEIGHT                                   0x2000000c   Data           2  ssd1306.o(.data)
    cursor_x                                 0x2000000e   Data           2  ssd1306.o(.data)
    cursor_y                                 0x20000010   Data           2  ssd1306.o(.data)
    textsize                                 0x20000012   Data           1  ssd1306.o(.data)
    rotation                                 0x20000013   Data           1  ssd1306.o(.data)
    textcolor                                0x20000014   Data           2  ssd1306.o(.data)
    textbgcolor                              0x20000016   Data           2  ssd1306.o(.data)
    use_i2c                                  0x2000001a   Data           1  ssd1306.o(.data)
    buffer                                   0x2000001b   Data        1024  ssd1306.o(.data)
    premask                                  0x2000041b   Data           8  ssd1306.o(.data)
    postmask                                 0x20000423   Data           8  ssd1306.o(.data)
    .data                                    0x2000042c   Section       12  mpu6050_mk1.o(.data)
    vtable                                   0x20000800   Section      620  interrupt.o(vtable)
    g_pfnRAMVectors                          0x20000800   Data         620  interrupt.o(vtable)
    .bss                                     0x20000a6c   Section       84  main.o(.bss)
    .bss                                     0x20000ac0   Section      108  mpu6050_mk1.o(.bss)
    .bss                                     0x20000b2c   Section       96  libspace.o(.bss)
    HEAP                                     0x20000b90   Section        0  startup_tm4c123.o(HEAP)
    STACK                                    0x20000b90   Section      512  startup_tm4c123.o(STACK)
    Heap_Mem                                 0x20000b90   Data           0  startup_tm4c123.o(HEAP)
    Stack_Mem                                0x20000b90   Data         512  startup_tm4c123.o(STACK)
    __initial_sp                             0x20000d90   Data           0  startup_tm4c123.o(STACK)

    Global Symbols

    Symbol Name                              Value     Ov Type        Size  Object(Section)

    BuildAttributes$$THM_ISAv4$E$P$D$K$B$S$7EM$VFPi3$EXTD16$VFPS$VFMA$PE$A:L22UL41UL21$X:L11$S22US41US21$IEEE1$IW$USESV6$~STKCKD$USESV7$~SHL$OTIME$ROPI$IEEEX$EBA8$UX$STANDARDLIB$REQ8$PRES8$EABIv2 0x00000000   Number         0  anon$$obj.o ABSOLUTE
    __ARM_use_no_argv                        0x00000000   Number         0  main.o ABSOLUTE
    __Vectors                                0x00000000   Data           4  startup_tm4c123.o(RESET)
    __ARM_exceptions_init                     - Undefined Weak Reference
    __alloca_initialize                       - Undefined Weak Reference
    __arm_preinit_                            - Undefined Weak Reference
    __cpp_initialize__aeabi_                  - Undefined Weak Reference
    __cxa_finalize                            - Undefined Weak Reference
    __rt_locale                               - Undefined Weak Reference
    __sigvec_lookup                           - Undefined Weak Reference
    _atexit_init                              - Undefined Weak Reference
    _call_atexit_fns                          - Undefined Weak Reference
    _clock_init                               - Undefined Weak Reference
    _fp_trap_init                             - Undefined Weak Reference
    _fp_trap_shutdown                         - Undefined Weak Reference
    _get_lc_collate                           - Undefined Weak Reference
    _get_lc_ctype                             - Undefined Weak Reference
    _get_lc_monetary                          - Undefined Weak Reference
    _get_lc_numeric                           - Undefined Weak Reference
    _get_lc_time                              - Undefined Weak Reference
    _getenv_init                              - Undefined Weak Reference
    _handle_redirection                       - Undefined Weak Reference
    _init_alloc                               - Undefined Weak Reference
    _init_user_alloc                          - Undefined Weak Reference
    _initio                                   - Undefined Weak Reference
    _rand_init                                - Undefined Weak Reference
    _signal_finish                            - Undefined Weak Reference
    _signal_init                              - Undefined Weak Reference
    _terminate_alloc                          - Undefined Weak Reference
    _terminate_user_alloc                     - Undefined Weak Reference
    _terminateio                              - Undefined Weak Reference
    __Vectors_End                            0x0000026c   Data           0  startup_tm4c123.o(RESET)
    __Vectors_Size                           0x0000026c   Number         0  startup_tm4c123.o ABSOLUTE
    __main                                   0x0000026d   Thumb Code     8  __main.o(!!!main)
    __scatterload                            0x00000275   Thumb Code     0  __scatter.o(!!!scatter)
    __scatterload_rt2                        0x00000275   Thumb Code    44  __scatter.o(!!!scatter)
    __scatterload_rt2_thumb_only             0x00000275   Thumb Code     0  __scatter.o(!!!scatter)
    __scatterload_null                       0x00000283   Thumb Code     0  __scatter.o(!!!scatter)
    __decompress                             0x000002a9   Thumb Code    90  __dczerorl2.o(!!dczerorl2)
    __decompress1                            0x000002a9   Thumb Code     0  __dczerorl2.o(!!dczerorl2)
    __scatterload_zeroinit                   0x00000305   Thumb Code    28  __scatter_zi.o(!!handler_zi)
    __rt_lib_init                            0x00000321   Thumb Code     0  libinit.o(.ARM.Collect$$libinit$$00000000)
    __rt_lib_init_fp_1                       0x00000323   Thumb Code     0  libinit2.o(.ARM.Collect$$libinit$$00000001)
    __rt_lib_init_alloca_1                   0x00000327   Thumb Code     0  libinit2.o(.ARM.Collect$$libinit$$0000002E)
    __rt_lib_init_argv_1                     0x00000327   Thumb Code     0  libinit2.o(.ARM.Collect$$libinit$$0000002C)
    __rt_lib_init_atexit_1                   0x00000327   Thumb Code     0  libinit2.o(.ARM.Collect$$libinit$$0000001B)
    __rt_lib_init_clock_1                    0x00000327   Thumb Code     0  libinit2.o(.ARM.Collect$$libinit$$00000021)
    __rt_lib_init_cpp_1                      0x00000327   Thumb Code     0  libinit2.o(.ARM.Collect$$libinit$$00000032)
    __rt_lib_init_exceptions_1               0x00000327   Thumb Code     0  libinit2.o(.ARM.Collect$$libinit$$00000030)
    __rt_lib_init_fp_trap_1                  0x00000327   Thumb Code     0  libinit2.o(.ARM.Collect$$libinit$$0000001F)
    __rt_lib_init_getenv_1                   0x00000327   Thumb Code     0  libinit2.o(.ARM.Collect$$libinit$$00000023)
    __rt_lib_init_heap_1                     0x00000327   Thumb Code     0  libinit2.o(.ARM.Collect$$libinit$$0000000A)
    __rt_lib_init_lc_collate_1               0x00000327   Thumb Code     0  libinit2.o(.ARM.Collect$$libinit$$00000011)
    __rt_lib_init_lc_ctype_1                 0x00000327   Thumb Code     0  libinit2.o(.ARM.Collect$$libinit$$00000013)
    __rt_lib_init_lc_monetary_1              0x00000327   Thumb Code     0  libinit2.o(.ARM.Collect$$libinit$$00000015)
    __rt_lib_init_lc_numeric_1               0x00000327   Thumb Code     0  libinit2.o(.ARM.Collect$$libinit$$00000017)
    __rt_lib_init_lc_time_1                  0x00000327   Thumb Code     0  libinit2.o(.ARM.Collect$$libinit$$00000019)
    __rt_lib_init_preinit_1                  0x00000327   Thumb Code     0  libinit2.o(.ARM.Collect$$libinit$$00000004)
    __rt_lib_init_rand_1                     0x00000327   Thumb Code     0  libinit2.o(.ARM.Collect$$libinit$$0000000E)
    __rt_lib_init_return                     0x00000327   Thumb Code     0  libinit2.o(.ARM.Collect$$libinit$$00000033)
    __rt_lib_init_signal_1                   0x00000327   Thumb Code     0  libinit2.o(.ARM.Collect$$libinit$$0000001D)
    __rt_lib_init_stdio_1                    0x00000327   Thumb Code     0  libinit2.o(.ARM.Collect$$libinit$$00000025)
    __rt_lib_init_user_alloc_1               0x00000327   Thumb Code     0  libinit2.o(.ARM.Collect$$libinit$$0000000C)
    __rt_lib_shutdown                        0x00000329   Thumb Code     0  libshutdown.o(.ARM.Collect$$libshutdown$$00000000)
    __rt_lib_shutdown_cpp_1                  0x0000032b   Thumb Code     0  libshutdown2.o(.ARM.Collect$$libshutdown$$00000002)
    __rt_lib_shutdown_fp_trap_1              0x0000032b   Thumb Code     0  libshutdown2.o(.ARM.Collect$$libshutdown$$00000007)
    __rt_lib_shutdown_heap_1                 0x0000032b   Thumb Code     0  libshutdown2.o(.ARM.Collect$$libshutdown$$0000000F)
    __rt_lib_shutdown_return                 0x0000032b   Thumb Code     0  libshutdown2.o(.ARM.Collect$$libshutdown$$00000010)
    __rt_lib_shutdown_signal_1               0x0000032b   Thumb Code     0  libshutdown2.o(.ARM.Collect$$libshutdown$$0000000A)
    __rt_lib_shutdown_stdio_1                0x0000032b   Thumb Code     0  libshutdown2.o(.ARM.Collect$$libshutdown$$00000004)
    __rt_lib_shutdown_user_alloc_1           0x0000032b   Thumb Code     0  libshutdown2.o(.ARM.Collect$$libshutdown$$0000000C)
    __rt_entry                               0x0000032d   Thumb Code     0  __rtentry.o(.ARM.Collect$$rtentry$$00000000)
    __rt_entry_presh_1                       0x0000032d   Thumb Code     0  __rtentry2.o(.ARM.Collect$$rtentry$$00000002)
    __rt_entry_sh                            0x0000032d   Thumb Code     0  __rtentry4.o(.ARM.Collect$$rtentry$$00000004)
    __rt_entry_li                            0x00000333   Thumb Code     0  __rtentry2.o(.ARM.Collect$$rtentry$$0000000A)
    __rt_entry_postsh_1                      0x00000333   Thumb Code     0  __rtentry2.o(.ARM.Collect$$rtentry$$00000009)
    __rt_entry_main                          0x00000337   Thumb Code     0  __rtentry2.o(.ARM.Collect$$rtentry$$0000000D)
    __rt_entry_postli_1                      0x00000337   Thumb Code     0  __rtentry2.o(.ARM.Collect$$rtentry$$0000000C)
    __rt_exit                                0x0000033f   Thumb Code     0  rtexit.o(.ARM.Collect$$rtexit$$00000000)
    __rt_exit_ls                             0x00000341   Thumb Code     0  rtexit2.o(.ARM.Collect$$rtexit$$00000003)
    __rt_exit_prels_1                        0x00000341   Thumb Code     0  rtexit2.o(.ARM.Collect$$rtexit$$00000002)
    __rt_exit_exit                           0x00000345   Thumb Code     0  rtexit2.o(.ARM.Collect$$rtexit$$00000004)
    SysCtlDelay                              0x0000034d   Thumb Code     6  sysctl.o(.emb_text)
    Reset_Handler                            0x00000355   Thumb Code     8  startup_tm4c123.o(.text)
    NMI_Handler                              0x0000035d   Thumb Code     2  startup_tm4c123.o(.text)
    HardFault_Handler                        0x0000035f   Thumb Code     2  startup_tm4c123.o(.text)
    MemManage_Handler                        0x00000361   Thumb Code     2  startup_tm4c123.o(.text)
    BusFault_Handler                         0x00000363   Thumb Code     2  startup_tm4c123.o(.text)
    UsageFault_Handler                       0x00000365   Thumb Code     2  startup_tm4c123.o(.text)
    SVC_Handler                              0x00000367   Thumb Code     2  startup_tm4c123.o(.text)
    DebugMon_Handler                         0x00000369   Thumb Code     2  startup_tm4c123.o(.text)
    PendSV_Handler                           0x0000036b   Thumb Code     2  startup_tm4c123.o(.text)
    SysTick_Handler                          0x0000036d   Thumb Code     2  startup_tm4c123.o(.text)
    GPIOA_Handler                            0x0000036f   Thumb Code     2  startup_tm4c123.o(.text)
    GPIOB_Handler                            0x00000371   Thumb Code     2  startup_tm4c123.o(.text)
    GPIOC_Handler                            0x00000373   Thumb Code     2  startup_tm4c123.o(.text)
    GPIOD_Handler                            0x00000375   Thumb Code     2  startup_tm4c123.o(.text)
    GPIOE_Handler                            0x00000377   Thumb Code     2  startup_tm4c123.o(.text)
    UART0_Handler                            0x00000379   Thumb Code     2  startup_tm4c123.o(.text)
    UART1_Handler                            0x0000037b   Thumb Code     2  startup_tm4c123.o(.text)
    SSI0_Handler                             0x0000037d   Thumb Code     2  startup_tm4c123.o(.text)
    I2C0_Handler                             0x0000037f   Thumb Code     2  startup_tm4c123.o(.text)
    PMW0_FAULT_Handler                       0x00000381   Thumb Code     2  startup_tm4c123.o(.text)
    PWM0_0_Handler                           0x00000383   Thumb Code     2  startup_tm4c123.o(.text)
    PWM0_1_Handler                           0x00000385   Thumb Code     2  startup_tm4c123.o(.text)
    PWM0_2_Handler                           0x00000387   Thumb Code     2  startup_tm4c123.o(.text)
    QEI0_Handler                             0x00000389   Thumb Code     2  startup_tm4c123.o(.text)
    ADC0SS0_Handler                          0x0000038b   Thumb Code     2  startup_tm4c123.o(.text)
    ADC0SS1_Handler                          0x0000038d   Thumb Code     2  startup_tm4c123.o(.text)
    ADC0SS2_Handler                          0x0000038f   Thumb Code     2  startup_tm4c123.o(.text)
    ADC0SS3_Handler                          0x00000391   Thumb Code     2  startup_tm4c123.o(.text)
    WDT0_Handler                             0x00000393   Thumb Code     2  startup_tm4c123.o(.text)
    TIMER0A_Handler                          0x00000395   Thumb Code     2  startup_tm4c123.o(.text)
    TIMER0B_Handler                          0x00000397   Thumb Code     2  startup_tm4c123.o(.text)
    TIMER1A_Handler                          0x00000399   Thumb Code     2  startup_tm4c123.o(.text)
    TIMER1B_Handler                          0x0000039b   Thumb Code     2  startup_tm4c123.o(.text)
    TIMER2A_Handler                          0x0000039d   Thumb Code     2  startup_tm4c123.o(.text)
    TIMER2B_Handler                          0x0000039f   Thumb Code     2  startup_tm4c123.o(.text)
    COMP0_Handler                            0x000003a1   Thumb Code     2  startup_tm4c123.o(.text)
    COMP1_Handler                            0x000003a3   Thumb Code     2  startup_tm4c123.o(.text)
    COMP2_Handler                            0x000003a5   Thumb Code     2  startup_tm4c123.o(.text)
    SYSCTL_Handler                           0x000003a7   Thumb Code     2  startup_tm4c123.o(.text)
    FLASH_Handler                            0x000003a9   Thumb Code     2  startup_tm4c123.o(.text)
    GPIOF_Handler                            0x000003ab   Thumb Code     2  startup_tm4c123.o(.text)
    GPIOG_Handler                            0x000003ad   Thumb Code     2  startup_tm4c123.o(.text)
    GPIOH_Handler                            0x000003af   Thumb Code     2  startup_tm4c123.o(.text)
    UART2_Handler                            0x000003b1   Thumb Code     2  startup_tm4c123.o(.text)
    SSI1_Handler                             0x000003b3   Thumb Code     2  startup_tm4c123.o(.text)
    TIMER3A_Handler                          0x000003b5   Thumb Code     2  startup_tm4c123.o(.text)
    TIMER3B_Handler                          0x000003b7   Thumb Code     2  startup_tm4c123.o(.text)
    I2C1_Handler                             0x000003b9   Thumb Code     2  startup_tm4c123.o(.text)
    QEI1_Handler                             0x000003bb   Thumb Code     2  startup_tm4c123.o(.text)
    CAN0_Handler                             0x000003bd   Thumb Code     2  startup_tm4c123.o(.text)
    CAN1_Handler                             0x000003bf   Thumb Code     2  startup_tm4c123.o(.text)
    CAN2_Handler                             0x000003c1   Thumb Code     2  startup_tm4c123.o(.text)
    HIB_Handler                              0x000003c3   Thumb Code     2  startup_tm4c123.o(.text)
    USB0_Handler                             0x000003c5   Thumb Code     2  startup_tm4c123.o(.text)
    PWM0_3_Handler                           0x000003c7   Thumb Code     2  startup_tm4c123.o(.text)
    UDMA_Handler                             0x000003c9   Thumb Code     2  startup_tm4c123.o(.text)
    UDMAERR_Handler                          0x000003cb   Thumb Code     2  startup_tm4c123.o(.text)
    ADC1SS0_Handler                          0x000003cd   Thumb Code     2  startup_tm4c123.o(.text)
    ADC1SS1_Handler                          0x000003cf   Thumb Code     2  startup_tm4c123.o(.text)
    ADC1SS2_Handler                          0x000003d1   Thumb Code     2  startup_tm4c123.o(.text)
    ADC1SS3_Handler                          0x000003d3   Thumb Code     2  startup_tm4c123.o(.text)
    GPIOJ_Handler                            0x000003d5   Thumb Code     2  startup_tm4c123.o(.text)
    GPIOK_Handler                            0x000003d7   Thumb Code     2  startup_tm4c123.o(.text)
    GPIOL_Handler                            0x000003d9   Thumb Code     2  startup_tm4c123.o(.text)
    SSI2_Handler                             0x000003db   Thumb Code     2  startup_tm4c123.o(.text)
    SSI3_Handler                             0x000003dd   Thumb Code     2  startup_tm4c123.o(.text)
    UART3_Handler                            0x000003df   Thumb Code     2  startup_tm4c123.o(.text)
    UART4_Handler                            0x000003e1   Thumb Code     2  startup_tm4c123.o(.text)
    UART5_Handler                            0x000003e3   Thumb Code     2  startup_tm4c123.o(.text)
    UART6_Handler                            0x000003e5   Thumb Code     2  startup_tm4c123.o(.text)
    UART7_Handler                            0x000003e7   Thumb Code     2  startup_tm4c123.o(.text)
    I2C2_Handler                             0x000003e9   Thumb Code     2  startup_tm4c123.o(.text)
    I2C3_Handler                             0x000003eb   Thumb Code     2  startup_tm4c123.o(.text)
    TIMER4A_Handler                          0x000003ed   Thumb Code     2  startup_tm4c123.o(.text)
    TIMER4B_Handler                          0x000003ef   Thumb Code     2  startup_tm4c123.o(.text)
    TIMER5A_Handler                          0x000003f1   Thumb Code     2  startup_tm4c123.o(.text)
    TIMER5B_Handler                          0x000003f3   Thumb Code     2  startup_tm4c123.o(.text)
    WTIMER0A_Handler                         0x000003f5   Thumb Code     2  startup_tm4c123.o(.text)
    WTIMER0B_Handler                         0x000003f7   Thumb Code     2  startup_tm4c123.o(.text)
    WTIMER1A_Handler                         0x000003f9   Thumb Code     2  startup_tm4c123.o(.text)
    WTIMER1B_Handler                         0x000003fb   Thumb Code     2  startup_tm4c123.o(.text)
    WTIMER2A_Handler                         0x000003fd   Thumb Code     2  startup_tm4c123.o(.text)
    WTIMER2B_Handler                         0x000003ff   Thumb Code     2  startup_tm4c123.o(.text)
    WTIMER3A_Handler                         0x00000401   Thumb Code     2  startup_tm4c123.o(.text)
    WTIMER3B_Handler                         0x00000403   Thumb Code     2  startup_tm4c123.o(.text)
    WTIMER4A_Handler                         0x00000405   Thumb Code     2  startup_tm4c123.o(.text)
    WTIMER4B_Handler                         0x00000407   Thumb Code     2  startup_tm4c123.o(.text)
    WTIMER5A_Handler                         0x00000409   Thumb Code     2  startup_tm4c123.o(.text)
    WTIMER5B_Handler                         0x0000040b   Thumb Code     2  startup_tm4c123.o(.text)
    FPU_Handler                              0x0000040d   Thumb Code     2  startup_tm4c123.o(.text)
    I2C4_Handler                             0x0000040f   Thumb Code     2  startup_tm4c123.o(.text)
    I2C5_Handler                             0x00000411   Thumb Code     2  startup_tm4c123.o(.text)
    GPIOM_Handler                            0x00000413   Thumb Code     2  startup_tm4c123.o(.text)
    GPION_Handler                            0x00000415   Thumb Code     2  startup_tm4c123.o(.text)
    QEI2_Handler                             0x00000417   Thumb Code     2  startup_tm4c123.o(.text)
    GPIOP0_Handler                           0x00000419   Thumb Code     2  startup_tm4c123.o(.text)
    GPIOP1_Handler                           0x0000041b   Thumb Code     2  startup_tm4c123.o(.text)
    GPIOP2_Handler                           0x0000041d   Thumb Code     2  startup_tm4c123.o(.text)
    GPIOP3_Handler                           0x0000041f   Thumb Code     2  startup_tm4c123.o(.text)
    GPIOP4_Handler                           0x00000421   Thumb Code     2  startup_tm4c123.o(.text)
    GPIOP5_Handler                           0x00000423   Thumb Code     2  startup_tm4c123.o(.text)
    GPIOP6_Handler                           0x00000425   Thumb Code     2  startup_tm4c123.o(.text)
    GPIOP7_Handler                           0x00000427   Thumb Code     2  startup_tm4c123.o(.text)
    GPIOQ0_Handler                           0x00000429   Thumb Code     2  startup_tm4c123.o(.text)
    GPIOQ1_Handler                           0x0000042b   Thumb Code     2  startup_tm4c123.o(.text)
    GPIOQ2_Handler                           0x0000042d   Thumb Code     2  startup_tm4c123.o(.text)
    GPIOQ3_Handler                           0x0000042f   Thumb Code     2  startup_tm4c123.o(.text)
    GPIOQ4_Handler                           0x00000431   Thumb Code     2  startup_tm4c123.o(.text)
    GPIOQ5_Handler                           0x00000433   Thumb Code     2  startup_tm4c123.o(.text)
    GPIOQ6_Handler                           0x00000435   Thumb Code     2  startup_tm4c123.o(.text)
    GPIOQ7_Handler                           0x00000437   Thumb Code     2  startup_tm4c123.o(.text)
    GPIOR_Handler                            0x00000439   Thumb Code     2  startup_tm4c123.o(.text)
    GPIOS_Handler                            0x0000043b   Thumb Code     2  startup_tm4c123.o(.text)
    PMW1_0_Handler                           0x0000043d   Thumb Code     2  startup_tm4c123.o(.text)
    PWM1_1_Handler                           0x0000043f   Thumb Code     2  startup_tm4c123.o(.text)
    PWM1_2_Handler                           0x00000441   Thumb Code     2  startup_tm4c123.o(.text)
    PWM1_3_Handler                           0x00000443   Thumb Code     2  startup_tm4c123.o(.text)
    PWM1_FAULT_Handler                       0x00000445   Thumb Code     2  startup_tm4c123.o(.text)
    __user_initial_stackheap                 0x00000449   Thumb Code     0  startup_tm4c123.o(.text)
    __use_two_region_memory                  0x00000469   Thumb Code     2  heapauxi.o(.text)
    __rt_heap_escrow$2region                 0x0000046b   Thumb Code     2  heapauxi.o(.text)
    __rt_heap_expand$2region                 0x0000046d   Thumb Code     2  heapauxi.o(.text)
    __read_errno                             0x0000046f   Thumb Code    10  _rserrno.o(.text)
    __set_errno                              0x00000479   Thumb Code    12  _rserrno.o(.text)
    __aeabi_errno_addr                       0x00000485   Thumb Code     8  rt_errno_addr_intlibspace.o(.text)
    __errno$intlibspace                      0x00000485   Thumb Code     0  rt_errno_addr_intlibspace.o(.text)
    __rt_errno_addr$intlibspace              0x00000485   Thumb Code     0  rt_errno_addr_intlibspace.o(.text)
    __user_libspace                          0x0000048d   Thumb Code     8  libspace.o(.text)
    __user_perproc_libspace                  0x0000048d   Thumb Code     0  libspace.o(.text)
    __user_perthread_libspace                0x0000048d   Thumb Code     0  libspace.o(.text)
    __user_setup_stackheap                   0x00000495   Thumb Code    74  sys_stackheap_outer.o(.text)
    exit                                     0x000004df   Thumb Code    18  exit.o(.text)
    _sys_exit                                0x000004f1   Thumb Code     8  sys_exit.o(.text)
    __I$use$semihosting                      0x000004fd   Thumb Code     0  use_no_semi.o(.text)
    __use_no_semihosting_swi                 0x000004fd   Thumb Code     2  use_no_semi.o(.text)
    Delay_Ms                                 0x000004ff   Thumb Code    12  time.o(i.Delay_Ms)
    __semihosting_library_function           0x000004ff   Thumb Code     0  indicate_semi.o(.text)
    Double_ReadI2C                           0x0000050b   Thumb Code    40  myiic.o(i.Double_ReadI2C)
    Draw_Logo1                               0x00000535   Thumb Code    68  oled.o(i.Draw_Logo1)
    FPUEnable                                0x0000057d   Thumb Code    14  fpu.o(i.FPUEnable)
    FPULazyStackingEnable                    0x00000591   Thumb Code    14  fpu.o(i.FPULazyStackingEnable)
    GPIODirModeSet                           0x000005a5   Thumb Code    50  gpio.o(i.GPIODirModeSet)
    GPIOPadConfigSet                         0x000005d7   Thumb Code   342  gpio.o(i.GPIOPadConfigSet)
    GPIOPinConfigure                         0x0000072d   Thumb Code    70  gpio.o(i.GPIOPinConfigure)
    GPIOPinTypeGPIOOutput                    0x0000077d   Thumb Code    30  gpio.o(i.GPIOPinTypeGPIOOutput)
    GPIOPinTypeI2C                           0x0000079b   Thumb Code    30  gpio.o(i.GPIOPinTypeI2C)
    GPIOPinTypeI2CSCL                        0x000007b9   Thumb Code    30  gpio.o(i.GPIOPinTypeI2CSCL)
    GPIOPinWrite                             0x000007d7   Thumb Code    10  gpio.o(i.GPIOPinWrite)
    I2CMasterBusy                            0x000007e1   Thumb Code    18  i2c.o(i.I2CMasterBusy)
    I2CMasterControl                         0x000007f3   Thumb Code     4  i2c.o(i.I2CMasterControl)
    I2CMasterDataGet                         0x000007f7   Thumb Code     6  i2c.o(i.I2CMasterDataGet)
    I2CMasterDataPut                         0x000007fd   Thumb Code     4  i2c.o(i.I2CMasterDataPut)
    I2CMasterEnable                          0x00000801   Thumb Code    10  i2c.o(i.I2CMasterEnable)
    I2CMasterInitExpClk                      0x0000080d   Thumb Code    78  i2c.o(i.I2CMasterInitExpClk)
    I2CMasterSlaveAddrSet                    0x00000869   Thumb Code     8  i2c.o(i.I2CMasterSlaveAddrSet)
    IMU_Calibration                          0x00000871   Thumb Code   152  mpu6050_mk1.o(i.IMU_Calibration)
    Init_MPU6050                             0x00000919   Thumb Code   122  mpu6050_mk1.o(i.Init_MPU6050)
    IntRegister                              0x000009b1   Thumb Code    52  interrupt.o(i.IntRegister)
    LCD_CLS                                  0x000009ed   Thumb Code    56  oled.o(i.LCD_CLS)
    LCD_P6x8Char                             0x00000a25   Thumb Code    68  oled.o(i.LCD_P6x8Char)
    LCD_P6x8Str                              0x00000a6d   Thumb Code    96  oled.o(i.LCD_P6x8Str)
    LCD_P8x16Str                             0x00000ad1   Thumb Code   130  oled.o(i.LCD_P8x16Str)
    LCD_Set_Pos                              0x00000b59   Thumb Code    40  oled.o(i.LCD_Set_Pos)
    LCD_WrCmd                                0x00000b81   Thumb Code   104  oled.o(i.LCD_WrCmd)
    LCD_WrDat                                0x00000be9   Thumb Code    92  oled.o(i.LCD_WrDat)
    MPU6050_Read_Data                        0x00000c45   Thumb Code   128  mpu6050_mk1.o(i.MPU6050_Read_Data)
    OLED_Init                                0x00000cc5   Thumb Code   100  oled.o(i.OLED_Init)
    Set_Cutoff_Frequency                     0x00000d2d   Thumb Code   204  filter.o(i.Set_Cutoff_Frequency)
    SysCtlClockGet                           0x00000e11   Thumb Code   324  sysctl.o(i.SysCtlClockGet)
    SysCtlClockSet                           0x00000f7d   Thumb Code   280  sysctl.o(i.SysCtlClockSet)
    SysCtlPeripheralEnable                   0x000010a9   Thumb Code    46  sysctl.o(i.SysCtlPeripheralEnable)
    SysTickEnable                            0x000010dd   Thumb Code    18  systick.o(i.SysTickEnable)
    SysTickIntEnable                         0x000010ef   Thumb Code    18  systick.o(i.SysTickIntEnable)
    SysTickIntRegister                       0x00001101   Thumb Code    30  systick.o(i.SysTickIntRegister)
    SysTickPeriodSet                         0x0000111f   Thumb Code    10  systick.o(i.SysTickPeriodSet)
    SystemInit                               0x00001129   Thumb Code   112  system_tm4c123.o(i.SystemInit)
    __ARM_fpclassifyf                        0x000011c1   Thumb Code    38  fpclassifyf.o(i.__ARM_fpclassifyf)
    __hardfp_cosf                            0x000011e9   Thumb Code   280  cosf.o(i.__hardfp_cosf)
    __hardfp_tanf                            0x00001339   Thumb Code   322  tanf.o(i.__hardfp_tanf)
    __mathlib_flt_infnan                     0x000014b5   Thumb Code     6  funder.o(i.__mathlib_flt_infnan)
    __mathlib_flt_invalid                    0x000014bd   Thumb Code    10  funder.o(i.__mathlib_flt_invalid)
    __mathlib_flt_underflow                  0x000014cd   Thumb Code    10  funder.o(i.__mathlib_flt_underflow)
    __mathlib_rredf2                         0x000014dd   Thumb Code   316  rredf.o(i.__mathlib_rredf2)
    delay                                    0x00001631   Thumb Code    18  time.o(i.delay)
    delayMicroseconds                        0x00001643   Thumb Code    24  time.o(i.delayMicroseconds)
    delay_ms                                 0x0000165b   Thumb Code    12  time.o(i.delay_ms)
    i2cRead                                  0x00001669   Thumb Code    84  myiic.o(i.i2cRead)
    i2cWrite                                 0x000016c1   Thumb Code    20  myiic.o(i.i2cWrite)
    i2cWriteData                             0x000016d5   Thumb Code   124  myiic.o(i.i2cWriteData)
    initTime                                 0x00001755   Thumb Code    34  time.o(i.initTime)
    main                                     0x00001781   Thumb Code    12  main.o(i.main)
    micros                                   0x0000178d   Thumb Code     6  time.o(i.micros)
    schedule_task                            0x00001799   Thumb Code   182  main.o(i.schedule_task)
    ssd1306_begin                            0x00001859   Thumb Code   294  ssd1306.o(i.ssd1306_begin)
    ssd1306_command                          0x000019b5   Thumb Code    12  ssd1306.o(i.ssd1306_command)
    system_init                              0x000019c1   Thumb Code   158  main.o(i.system_init)
    write_6_8_number                         0x00001a99   Thumb Code   696  oled.o(i.write_6_8_number)
    _fp_init                                 0x00001d6d   Thumb Code    10  fpinit.o(x$fpl$fpinit)
    __fplib_config_fpu_vfp                   0x00001d75   Thumb Code     0  fpinit.o(x$fpl$fpinit)
    __fplib_config_pureend_doubles           0x00001d75   Thumb Code     0  fpinit.o(x$fpl$fpinit)
    F16x16                                   0x00001d76   Data         128  oled.o(.constdata)
    __I$use$fp                               0x00001d76   Number         0  usenofp.o(x$fpl$usenofp)
    F6x8                                     0x00001df6   Data         552  oled.o(.constdata)
    F8X16                                    0x0000201e   Data        1520  oled.o(.constdata)
    LOGO128x64                               0x0000260e   Data        1024  oled.o(.constdata)
    Yi_TC                                    0x00002a0e   Data        1024  oled.o(.constdata)
    Yu_TC                                    0x00002e0e   Data        1024  oled.o(.constdata)
    YuYi_TC                                  0x0000320e   Data        1024  oled.o(.constdata)
    Region$$Table$$Base                      0x00003aac   Number         0  anon$$obj.o(Region$$Table)
    Region$$Table$$Limit                     0x00003acc   Number         0  anon$$obj.o(Region$$Table)
    wrap                                     0x20000018   Data           1  ssd1306.o(.data)
    _cp437                                   0x20000019   Data           1  ssd1306.o(.data)
    g_Gyro_xoffset                           0x2000042c   Data           4  mpu6050_mk1.o(.data)
    g_Gyro_yoffset                           0x20000430   Data           4  mpu6050_mk1.o(.data)
    g_Gyro_zoffset                           0x20000434   Data           4  mpu6050_mk1.o(.data)
    my_sensor_data                           0x20000a6c   Data          84  main.o(.bss)
    Ins_Accel_Parameter                      0x20000ac0   Data          24  mpu6050_mk1.o(.bss)
    Accel_Parameter                          0x20000ad8   Data          24  mpu6050_mk1.o(.bss)
    Gyro_Parameter                           0x20000af0   Data          24  mpu6050_mk1.o(.bss)
    Calibrate_Parameter                      0x20000b08   Data          24  mpu6050_mk1.o(.bss)
    gyro_offset                              0x20000b20   Data          12  mpu6050_mk1.o(.bss)
    __libspace_start                         0x20000b2c   Data          96  libspace.o(.bss)
    __temporary_stack_top$libspace           0x20000b8c   Data           0  libspace.o(.bss)



==============================================================================

Memory Map of the image

  Image Entry point : 0x0000026d

  Load Region LR_IROM1 (Base: 0x00000000, Size: 0x00004538, Max: 0x00040000, ABSOLUTE, COMPRESSED[0x00003c70])

    Execution Region ER_IROM1 (Base: 0x00000000, Size: 0x00003acc, Max: 0x00040000, ABSOLUTE)

    Base Addr    Size         Type   Attr      Idx    E Section Name        Object

    0x00000000   0x0000026c   Data   RO         7397    RESET               startup_tm4c123.o
    0x0000026c   0x00000008   Code   RO         7471  * !!!main             c_w.l(__main.o)
    0x00000274   0x00000034   Code   RO         7836    !!!scatter          c_w.l(__scatter.o)
    0x000002a8   0x0000005a   Code   RO         7834    !!dczerorl2         c_w.l(__dczerorl2.o)
    0x00000302   0x00000002   PAD
    0x00000304   0x0000001c   Code   RO         7838    !!handler_zi        c_w.l(__scatter_zi.o)
    0x00000320   0x00000002   Code   RO         7703    .ARM.Collect$$libinit$$00000000  c_w.l(libinit.o)
    0x00000322   0x00000004   Code   RO         7708    .ARM.Collect$$libinit$$00000001  c_w.l(libinit2.o)
    0x00000326   0x00000000   Code   RO         7711    .ARM.Collect$$libinit$$00000004  c_w.l(libinit2.o)
    0x00000326   0x00000000   Code   RO         7714    .ARM.Collect$$libinit$$0000000A  c_w.l(libinit2.o)
    0x00000326   0x00000000   Code   RO         7716    .ARM.Collect$$libinit$$0000000C  c_w.l(libinit2.o)
    0x00000326   0x00000000   Code   RO         7718    .ARM.Collect$$libinit$$0000000E  c_w.l(libinit2.o)
    0x00000326   0x00000000   Code   RO         7721    .ARM.Collect$$libinit$$00000011  c_w.l(libinit2.o)
    0x00000326   0x00000000   Code   RO         7723    .ARM.Collect$$libinit$$00000013  c_w.l(libinit2.o)
    0x00000326   0x00000000   Code   RO         7725    .ARM.Collect$$libinit$$00000015  c_w.l(libinit2.o)
    0x00000326   0x00000000   Code   RO         7727    .ARM.Collect$$libinit$$00000017  c_w.l(libinit2.o)
    0x00000326   0x00000000   Code   RO         7729    .ARM.Collect$$libinit$$00000019  c_w.l(libinit2.o)
    0x00000326   0x00000000   Code   RO         7731    .ARM.Collect$$libinit$$0000001B  c_w.l(libinit2.o)
    0x00000326   0x00000000   Code   RO         7733    .ARM.Collect$$libinit$$0000001D  c_w.l(libinit2.o)
    0x00000326   0x00000000   Code   RO         7735    .ARM.Collect$$libinit$$0000001F  c_w.l(libinit2.o)
    0x00000326   0x00000000   Code   RO         7737    .ARM.Collect$$libinit$$00000021  c_w.l(libinit2.o)
    0x00000326   0x00000000   Code   RO         7739    .ARM.Collect$$libinit$$00000023  c_w.l(libinit2.o)
    0x00000326   0x00000000   Code   RO         7741    .ARM.Collect$$libinit$$00000025  c_w.l(libinit2.o)
    0x00000326   0x00000000   Code   RO         7745    .ARM.Collect$$libinit$$0000002C  c_w.l(libinit2.o)
    0x00000326   0x00000000   Code   RO         7747    .ARM.Collect$$libinit$$0000002E  c_w.l(libinit2.o)
    0x00000326   0x00000000   Code   RO         7749    .ARM.Collect$$libinit$$00000030  c_w.l(libinit2.o)
    0x00000326   0x00000000   Code   RO         7751    .ARM.Collect$$libinit$$00000032  c_w.l(libinit2.o)
    0x00000326   0x00000002   Code   RO         7752    .ARM.Collect$$libinit$$00000033  c_w.l(libinit2.o)
    0x00000328   0x00000002   Code   RO         7774    .ARM.Collect$$libshutdown$$00000000  c_w.l(libshutdown.o)
    0x0000032a   0x00000000   Code   RO         7787    .ARM.Collect$$libshutdown$$00000002  c_w.l(libshutdown2.o)
    0x0000032a   0x00000000   Code   RO         7789    .ARM.Collect$$libshutdown$$00000004  c_w.l(libshutdown2.o)
    0x0000032a   0x00000000   Code   RO         7792    .ARM.Collect$$libshutdown$$00000007  c_w.l(libshutdown2.o)
    0x0000032a   0x00000000   Code   RO         7795    .ARM.Collect$$libshutdown$$0000000A  c_w.l(libshutdown2.o)
    0x0000032a   0x00000000   Code   RO         7797    .ARM.Collect$$libshutdown$$0000000C  c_w.l(libshutdown2.o)
    0x0000032a   0x00000000   Code   RO         7800    .ARM.Collect$$libshutdown$$0000000F  c_w.l(libshutdown2.o)
    0x0000032a   0x00000002   Code   RO         7801    .ARM.Collect$$libshutdown$$00000010  c_w.l(libshutdown2.o)
    0x0000032c   0x00000000   Code   RO         7577    .ARM.Collect$$rtentry$$00000000  c_w.l(__rtentry.o)
    0x0000032c   0x00000000   Code   RO         7668    .ARM.Collect$$rtentry$$00000002  c_w.l(__rtentry2.o)
    0x0000032c   0x00000006   Code   RO         7680    .ARM.Collect$$rtentry$$00000004  c_w.l(__rtentry4.o)
    0x00000332   0x00000000   Code   RO         7670    .ARM.Collect$$rtentry$$00000009  c_w.l(__rtentry2.o)
    0x00000332   0x00000004   Code   RO         7671    .ARM.Collect$$rtentry$$0000000A  c_w.l(__rtentry2.o)
    0x00000336   0x00000000   Code   RO         7673    .ARM.Collect$$rtentry$$0000000C  c_w.l(__rtentry2.o)
    0x00000336   0x00000008   Code   RO         7674    .ARM.Collect$$rtentry$$0000000D  c_w.l(__rtentry2.o)
    0x0000033e   0x00000002   Code   RO         7706    .ARM.Collect$$rtexit$$00000000  c_w.l(rtexit.o)
    0x00000340   0x00000000   Code   RO         7756    .ARM.Collect$$rtexit$$00000002  c_w.l(rtexit2.o)
    0x00000340   0x00000004   Code   RO         7757    .ARM.Collect$$rtexit$$00000003  c_w.l(rtexit2.o)
    0x00000344   0x00000006   Code   RO         7758    .ARM.Collect$$rtexit$$00000004  c_w.l(rtexit2.o)
    0x0000034a   0x00000002   PAD
    0x0000034c   0x00000006   Code   RO         4759    .emb_text           sysctl.o
    0x00000352   0x00000002   PAD
    0x00000354   0x00000114   Code   RO         7398    .text               startup_tm4c123.o
    0x00000468   0x00000006   Code   RO         7469    .text               c_w.l(heapauxi.o)
    0x0000046e   0x00000016   Code   RO         7578    .text               c_w.l(_rserrno.o)
    0x00000484   0x00000008   Code   RO         7685    .text               c_w.l(rt_errno_addr_intlibspace.o)
    0x0000048c   0x00000008   Code   RO         7691    .text               c_w.l(libspace.o)
    0x00000494   0x0000004a   Code   RO         7694    .text               c_w.l(sys_stackheap_outer.o)
    0x000004de   0x00000012   Code   RO         7696    .text               c_w.l(exit.o)
    0x000004f0   0x0000000c   Code   RO         7766    .text               c_w.l(sys_exit.o)
    0x000004fc   0x00000002   Code   RO         7777    .text               c_w.l(use_no_semi.o)
    0x000004fe   0x00000000   Code   RO         7779    .text               c_w.l(indicate_semi.o)
    0x000004fe   0x0000000c   Code   RO          337    i.Delay_Ms          time.o
    0x0000050a   0x00000028   Code   RO          410    i.Double_ReadI2C    myiic.o
    0x00000532   0x00000002   PAD
    0x00000534   0x00000048   Code   RO          122    i.Draw_Logo1        oled.o
    0x0000057c   0x00000014   Code   RO         2857    i.FPUEnable         fpu.o
    0x00000590   0x00000014   Code   RO         2860    i.FPULazyStackingEnable  fpu.o
    0x000005a4   0x00000032   Code   RO          737    i.GPIODirModeSet    gpio.o
    0x000005d6   0x00000156   Code   RO          749    i.GPIOPadConfigSet  gpio.o
    0x0000072c   0x00000050   Code   RO          750    i.GPIOPinConfigure  gpio.o
    0x0000077c   0x0000001e   Code   RO          761    i.GPIOPinTypeGPIOOutput  gpio.o
    0x0000079a   0x0000001e   Code   RO          764    i.GPIOPinTypeI2C    gpio.o
    0x000007b8   0x0000001e   Code   RO          765    i.GPIOPinTypeI2CSCL  gpio.o
    0x000007d6   0x0000000a   Code   RO          779    i.GPIOPinWrite      gpio.o
    0x000007e0   0x00000012   Code   RO         3263    i.I2CMasterBusy     i2c.o
    0x000007f2   0x00000004   Code   RO         3264    i.I2CMasterControl  i2c.o
    0x000007f6   0x00000006   Code   RO         3265    i.I2CMasterDataGet  i2c.o
    0x000007fc   0x00000004   Code   RO         3266    i.I2CMasterDataPut  i2c.o
    0x00000800   0x0000000a   Code   RO         3268    i.I2CMasterEnable   i2c.o
    0x0000080a   0x00000002   PAD
    0x0000080c   0x0000005c   Code   RO         3271    i.I2CMasterInitExpClk  i2c.o
    0x00000868   0x00000008   Code   RO         3281    i.I2CMasterSlaveAddrSet  i2c.o
    0x00000870   0x000000a8   Code   RO         7364    i.IMU_Calibration   mpu6050_mk1.o
    0x00000918   0x00000098   Code   RO         7365    i.Init_MPU6050      mpu6050_mk1.o
    0x000009b0   0x0000003c   Code   RO         3605    i.IntRegister       interrupt.o
    0x000009ec   0x00000038   Code   RO          126    i.LCD_CLS           oled.o
    0x00000a24   0x00000048   Code   RO          128    i.LCD_P6x8Char      oled.o
    0x00000a6c   0x00000064   Code   RO          129    i.LCD_P6x8Str       oled.o
    0x00000ad0   0x00000088   Code   RO          131    i.LCD_P8x16Str      oled.o
    0x00000b58   0x00000028   Code   RO          132    i.LCD_Set_Pos       oled.o
    0x00000b80   0x00000068   Code   RO          133    i.LCD_WrCmd         oled.o
    0x00000be8   0x0000005c   Code   RO          134    i.LCD_WrDat         oled.o
    0x00000c44   0x00000080   Code   RO         7366    i.MPU6050_Read_Data  mpu6050_mk1.o
    0x00000cc4   0x00000068   Code   RO          142    i.OLED_Init         oled.o
    0x00000d2c   0x000000d4   Code   RO          514    i.Set_Cutoff_Frequency  filter.o
    0x00000e00   0x00000010   Code   RO          339    i.SycTickHandler    time.o
    0x00000e10   0x0000016c   Code   RO         4762    i.SysCtlClockGet    sysctl.o
    0x00000f7c   0x0000012c   Code   RO         4764    i.SysCtlClockSet    sysctl.o
    0x000010a8   0x00000034   Code   RO         4793    i.SysCtlPeripheralEnable  sysctl.o
    0x000010dc   0x00000012   Code   RO         5162    i.SysTickEnable     systick.o
    0x000010ee   0x00000012   Code   RO         5164    i.SysTickIntEnable  systick.o
    0x00001100   0x0000001e   Code   RO         5165    i.SysTickIntRegister  systick.o
    0x0000111e   0x0000000a   Code   RO         5168    i.SysTickPeriodSet  systick.o
    0x00001128   0x00000098   Code   RO         7406    i.SystemInit        system_tm4c123.o
    0x000011c0   0x00000026   Code   RO         7622    i.__ARM_fpclassifyf  m_wm.l(fpclassifyf.o)
    0x000011e6   0x00000002   PAD
    0x000011e8   0x00000150   Code   RO         7509    i.__hardfp_cosf     m_wm.l(cosf.o)
    0x00001338   0x0000017c   Code   RO         7565    i.__hardfp_tanf     m_wm.l(tanf.o)
    0x000014b4   0x00000006   Code   RO         7625    i.__mathlib_flt_infnan  m_wm.l(funder.o)
    0x000014ba   0x00000002   PAD
    0x000014bc   0x00000010   Code   RO         7627    i.__mathlib_flt_invalid  m_wm.l(funder.o)
    0x000014cc   0x00000010   Code   RO         7630    i.__mathlib_flt_underflow  m_wm.l(funder.o)
    0x000014dc   0x00000154   Code   RO         7646    i.__mathlib_rredf2  m_wm.l(rredf.o)
    0x00001630   0x00000012   Code   RO          340    i.delay             time.o
    0x00001642   0x00000018   Code   RO          341    i.delayMicroseconds  time.o
    0x0000165a   0x0000000c   Code   RO          342    i.delay_ms          time.o
    0x00001666   0x00000002   PAD
    0x00001668   0x00000058   Code   RO          419    i.i2cRead           myiic.o
    0x000016c0   0x00000014   Code   RO          421    i.i2cWrite          myiic.o
    0x000016d4   0x00000080   Code   RO          422    i.i2cWriteData      myiic.o
    0x00001754   0x0000002c   Code   RO          344    i.initTime          time.o
    0x00001780   0x0000000c   Code   RO            1    i.main              main.o
    0x0000178c   0x0000000c   Code   RO          345    i.micros            time.o
    0x00001798   0x000000c0   Code   RO            2    i.schedule_task     main.o
    0x00001858   0x0000015c   Code   RO         6773    i.ssd1306_begin     ssd1306.o
    0x000019b4   0x0000000c   Code   RO         6775    i.ssd1306_command   ssd1306.o
    0x000019c0   0x000000d8   Code   RO            3    i.system_init       main.o
    0x00001a98   0x000002d4   Code   RO          152    i.write_6_8_number  oled.o
    0x00001d6c   0x0000000a   Code   RO         7764    x$fpl$fpinit        fz_wm.l(fpinit.o)
    0x00001d76   0x00000000   Code   RO         7602    x$fpl$usenofp       fz_wm.l(usenofp.o)
    0x00001d76   0x00001898   Data   RO          154    .constdata          oled.o
    0x0000360e   0x00000002   PAD
    0x00003610   0x00000228   Data   RO          781    .constdata          gpio.o
    0x00003838   0x00000254   Data   RO         4817    .constdata          sysctl.o
    0x00003a8c   0x00000020   Data   RO         7647    .constdata          m_wm.l(rredf.o)
    0x00003aac   0x00000020   Data   RO         7832    Region$$Table       anon$$obj.o


    Execution Region RW_IRAM1 (Base: 0x20000000, Size: 0x00000d90, Max: 0x00008000, ABSOLUTE, COMPRESSED[0x000001a4])

    Base Addr    Size         Type   Attr      Idx    E Section Name        Object

    0x20000000   0x00000004   Data   RW          347    .data               time.o
    0x20000004   0x00000427   Data   RW         6822    .data               ssd1306.o
    0x2000042b   0x00000001   PAD
    0x2000042c   0x0000000c   Data   RW         7368    .data               mpu6050_mk1.o
    0x20000438   0x000003c8   PAD
    0x20000800   0x0000026c   Data   RW         3610    vtable              interrupt.o
    0x20000a6c   0x00000054   Zero   RW            4    .bss                main.o
    0x20000ac0   0x0000006c   Zero   RW         7367    .bss                mpu6050_mk1.o
    0x20000b2c   0x00000060   Zero   RW         7692    .bss                c_w.l(libspace.o)
    0x20000b8c   0x00000004   PAD
    0x20000b90   0x00000000   Zero   RW         7396    HEAP                startup_tm4c123.o
    0x20000b90   0x00000200   Zero   RW         7395    STACK               startup_tm4c123.o


==============================================================================

Image component sizes


      Code (inc. data)   RO Data    RW Data    ZI Data      Debug   Object Name

         0          0          0          0          0         32   cpu.o
       212          8          0          0          0       1755   filter.o
        40         12          0          0          0        880   fpu.o
       572         10        552          0          0       5231   gpio.o
       142         14          0          0          0       3917   i2c.o
        60          8          0        620          0       1578   interrupt.o
       420         68          0          0         84       8402   main.o
       448         46          0         12        108       2579   mpu6050_mk1.o
       276          8          0          0          0       2813   myiic.o
      1500         50       6296          0          0       7359   oled.o
       360         54          0       1063          0       8567   ssd1306.o
       276         24        620          0        512       5436   startup_tm4c123.o
       722         66        596          0          0       4183   sysctl.o
       152         40          0          0          0        589   system_tm4c123.o
        76          0          0          0          0       1927   systick.o
       138         20          0          4          0       3754   time.o

    ----------------------------------------------------------------------
      5402        428       8098       2668        704      59002   Object Totals
         0          0         32          0          0          0   (incl. Generated)
         8          0          2        969          0          0   (incl. Padding)

    ----------------------------------------------------------------------

      Code (inc. data)   RO Data    RW Data    ZI Data      Debug   Library Member Name

        90          0          0          0          0          0   __dczerorl2.o
         8          0          0          0          0         68   __main.o
         0          0          0          0          0          0   __rtentry.o
        12          0          0          0          0          0   __rtentry2.o
         6          0          0          0          0          0   __rtentry4.o
        52          8          0          0          0          0   __scatter.o
        28          0          0          0          0          0   __scatter_zi.o
        22          0          0          0          0        100   _rserrno.o
        18          0          0          0          0         80   exit.o
         6          0          0          0          0        152   heapauxi.o
         0          0          0          0          0          0   indicate_semi.o
         2          0          0          0          0          0   libinit.o
         6          0          0          0          0          0   libinit2.o
         2          0          0          0          0          0   libshutdown.o
         2          0          0          0          0          0   libshutdown2.o
         8          4          0          0         96         68   libspace.o
         8          4          0          0          0         68   rt_errno_addr_intlibspace.o
         2          0          0          0          0          0   rtexit.o
        10          0          0          0          0          0   rtexit2.o
        12          4          0          0          0         68   sys_exit.o
        74          0          0          0          0         80   sys_stackheap_outer.o
         2          0          0          0          0         68   use_no_semi.o
        10          0          0          0          0        116   fpinit.o
         0          0          0          0          0          0   usenofp.o
       336         56          0          0          0        136   cosf.o
        38          0          0          0          0        116   fpclassifyf.o
        38         12          0          0          0        348   funder.o
       340         24         32          0          0        160   rredf.o
       380         58          0          0          0        200   tanf.o

    ----------------------------------------------------------------------
      1520        170         32          0        100       1828   Library Totals
         8          0          0          0          4          0   (incl. Padding)

    ----------------------------------------------------------------------

      Code (inc. data)   RO Data    RW Data    ZI Data      Debug   Library Name

       370         20          0          0         96        752   c_w.l
        10          0          0          0          0        116   fz_wm.l
      1132        150         32          0          0        960   m_wm.l

    ----------------------------------------------------------------------
      1520        170         32          0        100       1828   Library Totals

    ----------------------------------------------------------------------

==============================================================================


      Code (inc. data)   RO Data    RW Data    ZI Data      Debug   

      6922        598       8130       2668        804      54770   Grand Totals
      6922        598       8130        420        804      54770   ELF Image Totals (compressed)
      6922        598       8130        420          0          0   ROM Totals

==============================================================================

    Total RO  Size (Code + RO Data)                15052 (  14.70kB)
    Total RW  Size (RW Data + ZI Data)              3472 (   3.39kB)
    Total ROM Size (Code + RO Data + RW Data)      15472 (  15.11kB)

==============================================================================

